#
# There is insufficient memory for the Java Runtime Environment to continue.
# Native memory allocation (malloc) failed to allocate 490416 bytes. Error detail: Chunk::new
# Possible reasons:
#   The system is out of physical RAM or swap space
#   This process is running with CompressedOops enabled, and the Java Heap may be blocking the growth of the native heap
# Possible solutions:
#   Reduce memory load on the system
#   Increase physical memory or swap space
#   Check if swap backing store is full
#   Decrease Java heap size (-Xmx/-Xms)
#   Decrease number of Java threads
#   Decrease Java thread stack sizes (-Xss)
#   Set larger code cache with -XX:ReservedCodeCacheSize=
#   JVM is running with Unscaled Compressed Oops mode in which the Java heap is
#     placed in the first 4GB address space. The Java Heap base address is the
#     maximum limit for the native heap growth. Please use -XX:HeapBaseMinAddress
#     to set the Java Heap base and to place the Java Heap above 4GB virtual address.
# This output file may be truncated or incomplete.
#
#  Out of Memory Error (arena.cpp:168), pid=1664, tid=1684
#
# JRE version: OpenJDK Runtime Environment Temurin-21.0.12.1+1 (21.0.12.1+1) (build 21.0.12.1+1-LTS)
# Java VM: OpenJDK 64-Bit Server VM Temurin-21.0.12.1+1 (21.0.12.1+1-LTS, mixed mode, sharing, tiered, compressed oops, compressed class ptrs, g1 gc, windows-amd64)
# No core dump will be written. Minidumps are not enabled by default on client versions of Windows
#

---------------  S U M M A R Y ------------

Command Line: --add-opens=java.base/java.lang=ALL-UNNAMED --add-opens=java.base/java.lang.invoke=ALL-UNNAMED --add-opens=java.base/java.util=ALL-UNNAMED --add-opens=java.prefs/java.util.prefs=ALL-UNNAMED --add-exports=jdk.compiler/com.sun.tools.javac.api=ALL-UNNAMED --add-exports=jdk.compiler/com.sun.tools.javac.util=ALL-UNNAMED --add-opens=java.base/java.nio.charset=ALL-UNNAMED --add-opens=java.base/java.net=ALL-UNNAMED --add-opens=java.base/java.util.concurrent=ALL-UNNAMED --add-opens=java.base/java.util.concurrent.atomic=ALL-UNNAMED --add-opens=java.xml/javax.xml.namespace=ALL-UNNAMED --add-opens=java.base/java.time=ALL-UNNAMED -XX:MaxMetaspaceSize=384m -XX:+HeapDumpOnOutOfMemoryError -Xms256m -Xmx512m -Dfile.encoding=UTF-8 -Duser.country=CO -Duser.language=es -Duser.variant -javaagent:C:\Users\Home\.gradle\wrapper\dists\gradle-9.7.1-bin\1w1c7tv4s851m17nbqdsro2tv\gradle-9.7.1\lib\agents\gradle-instrumentation-agent-9.7.1.jar org.gradle.launcher.daemon.bootstrap.GradleDaemon 9.7.1

Host: Intel(R) Core(TM) i5-7400 CPU @ 3.00GHz, 4 cores, 7G,  Windows 10 , 64 bit Build 19041 (10.0.19041.5915)
Time: Fri Sep 11 22:12:46 2026 Hora est. Pacífico, Sudamérica elapsed time: 156.884464 seconds (0d 0h 2m 36s)

---------------  T H R E A D  ---------------

Current thread (0x00000130fb531a10):  JavaThread "C2 CompilerThread0" daemon [_thread_in_native, id=1684, stack(0x0000002ae4500000,0x0000002ae4600000) (1024K)]


Current CompileTask:
C2:156884 5714       4       org.objectweb.asm.MethodWriter::computeAllFrames (510 bytes)

Stack: [0x0000002ae4500000,0x0000002ae4600000]
Native frames: (J=compiled Java code, j=interpreted, Vv=VM code, C=native code)
V  [jvm.dll+0x6d83e9]
V  [jvm.dll+0x8b5736]
V  [jvm.dll+0x8b7cee]
V  [jvm.dll+0x8b83d3]
V  [jvm.dll+0x284596]
V  [jvm.dll+0xc685d]
V  [jvm.dll+0xc6da1]
V  [jvm.dll+0x2fb5ae]
V  [jvm.dll+0x5fee94]
V  [jvm.dll+0x255d67]
V  [jvm.dll+0x24ddab]
V  [jvm.dll+0x24bbe6]
V  [jvm.dll+0x1cb4ae]
V  [jvm.dll+0x25baad]
V  [jvm.dll+0x25a03a]
V  [jvm.dll+0x3f8aae]
V  [jvm.dll+0x8600cd]
V  [jvm.dll+0x6d6c1d]
C  [ucrtbase.dll+0x21bb2]
C  [KERNEL32.DLL+0x17374]
C  [ntdll.dll+0x4cc91]


---------------  P R O C E S S  ---------------

Threads class SMR info:
_java_thread_list=0x00000130aa974250, length=37, elements={
0x00000130f5410a90, 0x00000130fb5292a0, 0x00000130fb52bfd0, 0x00000130fb52dba0,
0x00000130fb52e600, 0x00000130fb530220, 0x00000130fb530c80, 0x00000130fb531a10,
0x00000130fb5348c0, 0x00000130a822bff0, 0x00000130a82ac750, 0x00000130a9627bc0,
0x00000130a91fc6b0, 0x00000130a98d1f90, 0x00000130a8feb400, 0x00000130a8fb3420,
0x00000130aa4c84f0, 0x00000130a8467040, 0x00000130aa122b90, 0x00000130aa1217e0,
0x00000130aa11f710, 0x00000130aa11fda0, 0x00000130aa120430, 0x00000130aa120ac0,
0x00000130aa121e70, 0x00000130aa0ad410, 0x00000130aa0aee50, 0x00000130aa0acd80,
0x00000130aa0ac060, 0x00000130aa0ae7c0, 0x00000130aa0af4e0, 0x00000130aa0ae130,
0x00000130aa0ac6f0, 0x00000130abff9d10, 0x00000130abff8ff0, 0x00000130abff9680,
0x00000130abffa3a0
}

Java Threads: ( => current thread )
  0x00000130f5410a90 JavaThread "main"                              [_thread_blocked, id=2020, stack(0x0000002ae3600000,0x0000002ae3700000) (1024K)]
  0x00000130fb5292a0 JavaThread "Reference Handler"          daemon [_thread_blocked, id=2448, stack(0x0000002ae3f00000,0x0000002ae4000000) (1024K)]
  0x00000130fb52bfd0 JavaThread "Finalizer"                  daemon [_thread_blocked, id=5928, stack(0x0000002ae4000000,0x0000002ae4100000) (1024K)]
  0x00000130fb52dba0 JavaThread "Signal Dispatcher"          daemon [_thread_blocked, id=9332, stack(0x0000002ae4100000,0x0000002ae4200000) (1024K)]
  0x00000130fb52e600 JavaThread "Attach Listener"            daemon [_thread_blocked, id=8432, stack(0x0000002ae4200000,0x0000002ae4300000) (1024K)]
  0x00000130fb530220 JavaThread "Service Thread"             daemon [_thread_blocked, id=3336, stack(0x0000002ae4300000,0x0000002ae4400000) (1024K)]
  0x00000130fb530c80 JavaThread "Monitor Deflation Thread"   daemon [_thread_blocked, id=9164, stack(0x0000002ae4400000,0x0000002ae4500000) (1024K)]
=>0x00000130fb531a10 JavaThread "C2 CompilerThread0"         daemon [_thread_in_native, id=1684, stack(0x0000002ae4500000,0x0000002ae4600000) (1024K)]
  0x00000130fb5348c0 JavaThread "C1 CompilerThread0"         daemon [_thread_in_native, id=9540, stack(0x0000002ae4600000,0x0000002ae4700000) (1024K)]
  0x00000130a822bff0 JavaThread "Common-Cleaner"             daemon [_thread_blocked, id=8352, stack(0x0000002ae4700000,0x0000002ae4800000) (1024K)]
  0x00000130a82ac750 JavaThread "Notification Thread"        daemon [_thread_blocked, id=5904, stack(0x0000002ae4800000,0x0000002ae4900000) (1024K)]
  0x00000130a9627bc0 JavaThread "Daemon health stats"               [_thread_blocked, id=12476, stack(0x0000002ae4c00000,0x0000002ae4d00000) (1024K)]
  0x00000130a91fc6b0 JavaThread "Incoming local TCP Connector on port 51131"        [_thread_in_native, id=13236, stack(0x0000002ae4d00000,0x0000002ae4e00000) (1024K)]
  0x00000130a98d1f90 JavaThread "Daemon periodic checks"            [_thread_blocked, id=13912, stack(0x0000002ae4e00000,0x0000002ae4f00000) (1024K)]
  0x00000130a8feb400 JavaThread "Daemon"                            [_thread_blocked, id=13924, stack(0x0000002ae4f00000,0x0000002ae5000000) (1024K)]
  0x00000130a8fb3420 JavaThread "Handler for socket connection from /127.0.0.1:51131 to /127.0.0.1:51132"        [_thread_in_native, id=14108, stack(0x0000002ae5000000,0x0000002ae5100000) (1024K)]
  0x00000130aa4c84f0 JavaThread "Cancel handler"                    [_thread_blocked, id=14224, stack(0x0000002ae5100000,0x0000002ae5200000) (1024K)]
  0x00000130a8467040 JavaThread "Daemon worker"                     [_thread_in_vm, id=14024, stack(0x0000002ae5200000,0x0000002ae5300000) (1024K)]
  0x00000130aa122b90 JavaThread "Asynchronous log dispatcher for DefaultDaemonConnection: socket connection from /127.0.0.1:51131 to /127.0.0.1:51132"        [_thread_blocked, id=14368, stack(0x0000002ae5300000,0x0000002ae5400000) (1024K)]
  0x00000130aa1217e0 JavaThread "Stdin handler"                     [_thread_blocked, id=14376, stack(0x0000002ae5400000,0x0000002ae5500000) (1024K)]
  0x00000130aa11f710 JavaThread "Daemon client event forwarder"        [_thread_blocked, id=14380, stack(0x0000002ae5500000,0x0000002ae5600000) (1024K)]
  0x00000130aa11fda0 JavaThread "Cache worker for journal cache (C:\Users\Home\.gradle\caches\journal-1)"        [_thread_blocked, id=15848, stack(0x0000002ae5600000,0x0000002ae5700000) (1024K)]
  0x00000130aa120430 JavaThread "File lock request listener"        [_thread_in_native, id=15900, stack(0x0000002ae5700000,0x0000002ae5800000) (1024K)]
  0x00000130aa120ac0 JavaThread "Cache worker for file hash cache (C:\Users\Home\.gradle\caches\9.7.1\fileHashes)"        [_thread_blocked, id=16136, stack(0x0000002ae5800000,0x0000002ae5900000) (1024K)]
  0x00000130aa121e70 JavaThread "File lock release action executor"        [_thread_blocked, id=16252, stack(0x0000002ae5900000,0x0000002ae5a00000) (1024K)]
  0x00000130aa0ad410 JavaThread "Cache worker for file hash cache (C:\Users\Home\Documents\GitHub\bookify\.gradle\9.7.1\fileHashes)"        [_thread_blocked, id=16744, stack(0x0000002ae3500000,0x0000002ae3600000) (1024K)]
  0x00000130aa0aee50 JavaThread "Cache worker for Build Output Cleanup Cache (C:\Users\Home\Documents\GitHub\bookify\.gradle\buildOutputCleanup)"        [_thread_blocked, id=16748, stack(0x0000002ae3700000,0x0000002ae3800000) (1024K)]
  0x00000130aa0acd80 JavaThread "File watcher server"        daemon [_thread_in_native, id=11664, stack(0x0000002ae5a00000,0x0000002ae5b00000) (1024K)]
  0x00000130aa0ac060 JavaThread "File watcher consumer"      daemon [_thread_blocked, id=12692, stack(0x0000002ae5b00000,0x0000002ae5c00000) (1024K)]
  0x00000130aa0ae7c0 JavaThread "Cache worker for file content cache (C:\Users\Home\.gradle\caches\9.7.1\fileContent)"        [_thread_blocked, id=14316, stack(0x0000002ae5c00000,0x0000002ae5d00000) (1024K)]
  0x00000130aa0af4e0 JavaThread "Cache worker for checksums cache (C:\Users\Home\Documents\GitHub\bookify\.gradle\9.7.1\checksums)"        [_thread_blocked, id=13372, stack(0x0000002ae5d00000,0x0000002ae5e00000) (1024K)]
  0x00000130aa0ae130 JavaThread "Cache worker for cache directory md-supplier (C:\Users\Home\.gradle\caches\9.7.1\md-supplier)"        [_thread_blocked, id=17700, stack(0x0000002ae5e00000,0x0000002ae5f00000) (1024K)]
  0x00000130aa0ac6f0 JavaThread "Cache worker for cache directory md-rule (C:\Users\Home\.gradle\caches\9.7.1\md-rule)"        [_thread_blocked, id=17844, stack(0x0000002ae5f00000,0x0000002ae6000000) (1024K)]
  0x00000130abff9d10 JavaThread "jar transforms"                    [_thread_blocked, id=18284, stack(0x0000002ae6000000,0x0000002ae6100000) (1024K)]
  0x00000130abff8ff0 JavaThread "jar transforms Thread 2"           [_thread_blocked, id=11324, stack(0x0000002ae6100000,0x0000002ae6200000) (1024K)]
  0x00000130abff9680 JavaThread "jar transforms Thread 3"           [_thread_blocked, id=18464, stack(0x0000002ae6200000,0x0000002ae6300000) (1024K)]
  0x00000130abffa3a0 JavaThread "jar transforms Thread 4"           [_thread_blocked, id=18532, stack(0x0000002ae6300000,0x0000002ae6400000) (1024K)]
Total: 37

Other Threads:
  0x00000130fb50e020 VMThread "VM Thread"                           [id=2232, stack(0x0000002ae3e00000,0x0000002ae3f00000) (1024K)]
  0x00000130fb4fdfb0 WatcherThread "VM Periodic Task Thread"        [id=9260, stack(0x0000002ae3d00000,0x0000002ae3e00000) (1024K)]
  0x00000130f543a060 WorkerThread "GC Thread#0"                     [id=8452, stack(0x0000002ae3800000,0x0000002ae3900000) (1024K)]
  0x00000130a854a240 WorkerThread "GC Thread#1"                     [id=10516, stack(0x0000002ae4900000,0x0000002ae4a00000) (1024K)]
  0x00000130a8711bd0 WorkerThread "GC Thread#2"                     [id=10520, stack(0x0000002ae4a00000,0x0000002ae4b00000) (1024K)]
  0x00000130a8711f80 WorkerThread "GC Thread#3"                     [id=10524, stack(0x0000002ae4b00000,0x0000002ae4c00000) (1024K)]
  0x00000130f5440060 ConcurrentGCThread "G1 Main Marker"            [id=8588, stack(0x0000002ae3900000,0x0000002ae3a00000) (1024K)]
  0x00000130f5440d20 WorkerThread "G1 Conc#0"                       [id=316, stack(0x0000002ae3a00000,0x0000002ae3b00000) (1024K)]
  0x00000130fb3d01b0 ConcurrentGCThread "G1 Refine#0"               [id=9612, stack(0x0000002ae3b00000,0x0000002ae3c00000) (1024K)]
  0x00000130fb3d0b40 ConcurrentGCThread "G1 Service"                [id=6960, stack(0x0000002ae3c00000,0x0000002ae3d00000) (1024K)]
Total: 10

Threads with active compile tasks:
C2 CompilerThread0  156916 5714       4       org.objectweb.asm.MethodWriter::computeAllFrames (510 bytes)
C1 CompilerThread0  156916 5717       3       org.objectweb.asm.Frame::execute (2303 bytes)
Total: 2

VM state: not at safepoint (normal execution)

VM Mutex/Monitor currently owned by a thread: None

Heap address: 0x00000000e0000000, size: 512 MB, Compressed Oops mode: 32-bit

CDS archive(s) mapped at: [0x000001308f000000-0x000001308fba0000-0x000001308fba0000), size 12189696, SharedBaseAddress: 0x000001308f000000, ArchiveRelocationMode: 1.
Compressed class space mapped at: 0x0000013090000000-0x00000130a4000000, reserved size: 335544320
Narrow klass base: 0x000001308f000000, Narrow klass shift: 0, Narrow klass range: 0x100000000

GC Precious Log:
 CardTable entry size: 512
 Card Set container configuration: InlinePtr #cards 5 size 8 Array Of Cards #cards 12 size 40 Howl #buckets 4 coarsen threshold 1843 Howl Bitmap #cards 512 size 80 coarsen threshold 460 Card regions per heap region 1 cards per card region 2048
 CPUs: 4 total, 4 available
 Memory: 8078M
 Large Page Support: Disabled
 NUMA Support: Disabled
 Compressed Oops: Enabled (32-bit)
 Heap Region Size: 1M
 Heap Min Capacity: 256M
 Heap Initial Capacity: 256M
 Heap Max Capacity: 512M
 Pre-touch: Disabled
 Parallel Workers: 4
 Concurrent Workers: 1
 Concurrent Refinement Workers: 4
 Periodic GC: Disabled

Heap:
 garbage-first heap   total 262144K, used 150840K [0x00000000e0000000, 0x0000000100000000)
  region size 1024K, 127 young (130048K), 9 survivors (9216K)
 Metaspace       used 51704K, committed 53632K, reserved 393216K
  class space    used 7679K, committed 8640K, reserved 327680K

Heap Regions: E=young(eden), S=young(survivor), O=old, HS=humongous(starts), HC=humongous(continues), CS=collection set, F=free, TAMS=top-at-mark-start, PB=parsable bottom
|   0|0x00000000e0000000, 0x00000000e0100000, 0x00000000e0100000|100%| O|  |TAMS 0x00000000e0000000| PB 0x00000000e0000000| Untracked 
|   1|0x00000000e0100000, 0x00000000e0200000, 0x00000000e0200000|100%|HS|  |TAMS 0x00000000e0100000| PB 0x00000000e0100000| Complete 
|   2|0x00000000e0200000, 0x00000000e0300000, 0x00000000e0300000|100%|HC|  |TAMS 0x00000000e0200000| PB 0x00000000e0200000| Complete 
|   3|0x00000000e0300000, 0x00000000e0400000, 0x00000000e0400000|100%|HC|  |TAMS 0x00000000e0300000| PB 0x00000000e0300000| Complete 
|   4|0x00000000e0400000, 0x00000000e0500000, 0x00000000e0500000|100%|HC|  |TAMS 0x00000000e0400000| PB 0x00000000e0400000| Complete 
|   5|0x00000000e0500000, 0x00000000e0600000, 0x00000000e0600000|100%| O|  |TAMS 0x00000000e0500000| PB 0x00000000e0500000| Untracked 
|   6|0x00000000e0600000, 0x00000000e0700000, 0x00000000e0700000|100%| O|  |TAMS 0x00000000e0600000| PB 0x00000000e0600000| Untracked 
|   7|0x00000000e0700000, 0x00000000e0700000, 0x00000000e0800000|  0%| F|  |TAMS 0x00000000e0700000| PB 0x00000000e0700000| Untracked 
|   8|0x00000000e0800000, 0x00000000e0900000, 0x00000000e0900000|100%| O|  |TAMS 0x00000000e0800000| PB 0x00000000e0800000| Untracked 
|   9|0x00000000e0900000, 0x00000000e0a00000, 0x00000000e0a00000|100%|HS|  |TAMS 0x00000000e0900000| PB 0x00000000e0900000| Complete 
|  10|0x00000000e0a00000, 0x00000000e0b00000, 0x00000000e0b00000|100%| O|  |TAMS 0x00000000e0a00000| PB 0x00000000e0a00000| Untracked 
|  11|0x00000000e0b00000, 0x00000000e0c00000, 0x00000000e0c00000|100%| O|  |TAMS 0x00000000e0b00000| PB 0x00000000e0b00000| Untracked 
|  12|0x00000000e0c00000, 0x00000000e0d00000, 0x00000000e0d00000|100%| O|  |TAMS 0x00000000e0c00000| PB 0x00000000e0c00000| Untracked 
|  13|0x00000000e0d00000, 0x00000000e0e00000, 0x00000000e0e00000|100%| O|  |TAMS 0x00000000e0d00000| PB 0x00000000e0d00000| Untracked 
|  14|0x00000000e0e00000, 0x00000000e0f00000, 0x00000000e0f00000|100%| O|  |TAMS 0x00000000e0e00000| PB 0x00000000e0e00000| Untracked 
|  15|0x00000000e0f00000, 0x00000000e1000000, 0x00000000e1000000|100%| O|  |TAMS 0x00000000e0f00000| PB 0x00000000e0f00000| Untracked 
|  16|0x00000000e1000000, 0x00000000e1100000, 0x00000000e1100000|100%| O|  |TAMS 0x00000000e1000000| PB 0x00000000e1000000| Untracked 
|  17|0x00000000e1100000, 0x00000000e1200000, 0x00000000e1200000|100%| O|  |TAMS 0x00000000e1100000| PB 0x00000000e1100000| Untracked 
|  18|0x00000000e1200000, 0x00000000e1300000, 0x00000000e1300000|100%| O|  |TAMS 0x00000000e1200000| PB 0x00000000e1200000| Untracked 
|  19|0x00000000e1300000, 0x00000000e1400000, 0x00000000e1400000|100%| O|  |TAMS 0x00000000e1300000| PB 0x00000000e1300000| Untracked 
|  20|0x00000000e1400000, 0x00000000e1500000, 0x00000000e1500000|100%| O|  |TAMS 0x00000000e1400000| PB 0x00000000e1400000| Untracked 
|  21|0x00000000e1500000, 0x00000000e1600000, 0x00000000e1600000|100%| O|  |TAMS 0x00000000e1500000| PB 0x00000000e1500000| Untracked 
|  22|0x00000000e1600000, 0x00000000e1700000, 0x00000000e1700000|100%| O|Cm|TAMS 0x00000000e1600000| PB 0x00000000e1600000| Complete 
|  23|0x00000000e1700000, 0x00000000e17f3938, 0x00000000e1800000| 95%| O|  |TAMS 0x00000000e1700000| PB 0x00000000e1700000| Untracked 
|  24|0x00000000e1800000, 0x00000000e1800000, 0x00000000e1900000|  0%| F|  |TAMS 0x00000000e1800000| PB 0x00000000e1800000| Untracked 
|  25|0x00000000e1900000, 0x00000000e1900000, 0x00000000e1a00000|  0%| F|  |TAMS 0x00000000e1900000| PB 0x00000000e1900000| Untracked 
|  26|0x00000000e1a00000, 0x00000000e1a00000, 0x00000000e1b00000|  0%| F|  |TAMS 0x00000000e1a00000| PB 0x00000000e1a00000| Untracked 
|  27|0x00000000e1b00000, 0x00000000e1b00000, 0x00000000e1c00000|  0%| F|  |TAMS 0x00000000e1b00000| PB 0x00000000e1b00000| Untracked 
|  28|0x00000000e1c00000, 0x00000000e1c00000, 0x00000000e1d00000|  0%| F|  |TAMS 0x00000000e1c00000| PB 0x00000000e1c00000| Untracked 
|  29|0x00000000e1d00000, 0x00000000e1d00000, 0x00000000e1e00000|  0%| F|  |TAMS 0x00000000e1d00000| PB 0x00000000e1d00000| Untracked 
|  30|0x00000000e1e00000, 0x00000000e1e00000, 0x00000000e1f00000|  0%| F|  |TAMS 0x00000000e1e00000| PB 0x00000000e1e00000| Untracked 
|  31|0x00000000e1f00000, 0x00000000e1f00000, 0x00000000e2000000|  0%| F|  |TAMS 0x00000000e1f00000| PB 0x00000000e1f00000| Untracked 
|  32|0x00000000e2000000, 0x00000000e2000000, 0x00000000e2100000|  0%| F|  |TAMS 0x00000000e2000000| PB 0x00000000e2000000| Untracked 
|  33|0x00000000e2100000, 0x00000000e2100000, 0x00000000e2200000|  0%| F|  |TAMS 0x00000000e2100000| PB 0x00000000e2100000| Untracked 
|  34|0x00000000e2200000, 0x00000000e2200000, 0x00000000e2300000|  0%| F|  |TAMS 0x00000000e2200000| PB 0x00000000e2200000| Untracked 
|  35|0x00000000e2300000, 0x00000000e2300000, 0x00000000e2400000|  0%| F|  |TAMS 0x00000000e2300000| PB 0x00000000e2300000| Untracked 
|  36|0x00000000e2400000, 0x00000000e2400000, 0x00000000e2500000|  0%| F|  |TAMS 0x00000000e2400000| PB 0x00000000e2400000| Untracked 
|  37|0x00000000e2500000, 0x00000000e2500000, 0x00000000e2600000|  0%| F|  |TAMS 0x00000000e2500000| PB 0x00000000e2500000| Untracked 
|  38|0x00000000e2600000, 0x00000000e2600000, 0x00000000e2700000|  0%| F|  |TAMS 0x00000000e2600000| PB 0x00000000e2600000| Untracked 
|  39|0x00000000e2700000, 0x00000000e2700000, 0x00000000e2800000|  0%| F|  |TAMS 0x00000000e2700000| PB 0x00000000e2700000| Untracked 
|  40|0x00000000e2800000, 0x00000000e2800000, 0x00000000e2900000|  0%| F|  |TAMS 0x00000000e2800000| PB 0x00000000e2800000| Untracked 
|  41|0x00000000e2900000, 0x00000000e2900000, 0x00000000e2a00000|  0%| F|  |TAMS 0x00000000e2900000| PB 0x00000000e2900000| Untracked 
|  42|0x00000000e2a00000, 0x00000000e2a00000, 0x00000000e2b00000|  0%| F|  |TAMS 0x00000000e2a00000| PB 0x00000000e2a00000| Untracked 
|  43|0x00000000e2b00000, 0x00000000e2b00000, 0x00000000e2c00000|  0%| F|  |TAMS 0x00000000e2b00000| PB 0x00000000e2b00000| Untracked 
|  44|0x00000000e2c00000, 0x00000000e2c00000, 0x00000000e2d00000|  0%| F|  |TAMS 0x00000000e2c00000| PB 0x00000000e2c00000| Untracked 
|  45|0x00000000e2d00000, 0x00000000e2d00000, 0x00000000e2e00000|  0%| F|  |TAMS 0x00000000e2d00000| PB 0x00000000e2d00000| Untracked 
|  46|0x00000000e2e00000, 0x00000000e2e00000, 0x00000000e2f00000|  0%| F|  |TAMS 0x00000000e2e00000| PB 0x00000000e2e00000| Untracked 
|  47|0x00000000e2f00000, 0x00000000e2f00000, 0x00000000e3000000|  0%| F|  |TAMS 0x00000000e2f00000| PB 0x00000000e2f00000| Untracked 
|  48|0x00000000e3000000, 0x00000000e3000000, 0x00000000e3100000|  0%| F|  |TAMS 0x00000000e3000000| PB 0x00000000e3000000| Untracked 
|  49|0x00000000e3100000, 0x00000000e3100000, 0x00000000e3200000|  0%| F|  |TAMS 0x00000000e3100000| PB 0x00000000e3100000| Untracked 
|  50|0x00000000e3200000, 0x00000000e3200000, 0x00000000e3300000|  0%| F|  |TAMS 0x00000000e3200000| PB 0x00000000e3200000| Untracked 
|  51|0x00000000e3300000, 0x00000000e3300000, 0x00000000e3400000|  0%| F|  |TAMS 0x00000000e3300000| PB 0x00000000e3300000| Untracked 
|  52|0x00000000e3400000, 0x00000000e3400000, 0x00000000e3500000|  0%| F|  |TAMS 0x00000000e3400000| PB 0x00000000e3400000| Untracked 
|  53|0x00000000e3500000, 0x00000000e3500000, 0x00000000e3600000|  0%| F|  |TAMS 0x00000000e3500000| PB 0x00000000e3500000| Untracked 
|  54|0x00000000e3600000, 0x00000000e3600000, 0x00000000e3700000|  0%| F|  |TAMS 0x00000000e3600000| PB 0x00000000e3600000| Untracked 
|  55|0x00000000e3700000, 0x00000000e3700000, 0x00000000e3800000|  0%| F|  |TAMS 0x00000000e3700000| PB 0x00000000e3700000| Untracked 
|  56|0x00000000e3800000, 0x00000000e3800000, 0x00000000e3900000|  0%| F|  |TAMS 0x00000000e3800000| PB 0x00000000e3800000| Untracked 
|  57|0x00000000e3900000, 0x00000000e3900000, 0x00000000e3a00000|  0%| F|  |TAMS 0x00000000e3900000| PB 0x00000000e3900000| Untracked 
|  58|0x00000000e3a00000, 0x00000000e3a00000, 0x00000000e3b00000|  0%| F|  |TAMS 0x00000000e3a00000| PB 0x00000000e3a00000| Untracked 
|  59|0x00000000e3b00000, 0x00000000e3b00000, 0x00000000e3c00000|  0%| F|  |TAMS 0x00000000e3b00000| PB 0x00000000e3b00000| Untracked 
|  60|0x00000000e3c00000, 0x00000000e3c00000, 0x00000000e3d00000|  0%| F|  |TAMS 0x00000000e3c00000| PB 0x00000000e3c00000| Untracked 
|  61|0x00000000e3d00000, 0x00000000e3d00000, 0x00000000e3e00000|  0%| F|  |TAMS 0x00000000e3d00000| PB 0x00000000e3d00000| Untracked 
|  62|0x00000000e3e00000, 0x00000000e3e00000, 0x00000000e3f00000|  0%| F|  |TAMS 0x00000000e3e00000| PB 0x00000000e3e00000| Untracked 
|  63|0x00000000e3f00000, 0x00000000e3f00000, 0x00000000e4000000|  0%| F|  |TAMS 0x00000000e3f00000| PB 0x00000000e3f00000| Untracked 
|  64|0x00000000e4000000, 0x00000000e4000000, 0x00000000e4100000|  0%| F|  |TAMS 0x00000000e4000000| PB 0x00000000e4000000| Untracked 
|  65|0x00000000e4100000, 0x00000000e4100000, 0x00000000e4200000|  0%| F|  |TAMS 0x00000000e4100000| PB 0x00000000e4100000| Untracked 
|  66|0x00000000e4200000, 0x00000000e4200000, 0x00000000e4300000|  0%| F|  |TAMS 0x00000000e4200000| PB 0x00000000e4200000| Untracked 
|  67|0x00000000e4300000, 0x00000000e4300000, 0x00000000e4400000|  0%| F|  |TAMS 0x00000000e4300000| PB 0x00000000e4300000| Untracked 
|  68|0x00000000e4400000, 0x00000000e4400000, 0x00000000e4500000|  0%| F|  |TAMS 0x00000000e4400000| PB 0x00000000e4400000| Untracked 
|  69|0x00000000e4500000, 0x00000000e4500000, 0x00000000e4600000|  0%| F|  |TAMS 0x00000000e4500000| PB 0x00000000e4500000| Untracked 
|  70|0x00000000e4600000, 0x00000000e4600000, 0x00000000e4700000|  0%| F|  |TAMS 0x00000000e4600000| PB 0x00000000e4600000| Untracked 
|  71|0x00000000e4700000, 0x00000000e4700000, 0x00000000e4800000|  0%| F|  |TAMS 0x00000000e4700000| PB 0x00000000e4700000| Untracked 
|  72|0x00000000e4800000, 0x00000000e4800000, 0x00000000e4900000|  0%| F|  |TAMS 0x00000000e4800000| PB 0x00000000e4800000| Untracked 
|  73|0x00000000e4900000, 0x00000000e4900000, 0x00000000e4a00000|  0%| F|  |TAMS 0x00000000e4900000| PB 0x00000000e4900000| Untracked 
|  74|0x00000000e4a00000, 0x00000000e4a00000, 0x00000000e4b00000|  0%| F|  |TAMS 0x00000000e4a00000| PB 0x00000000e4a00000| Untracked 
|  75|0x00000000e4b00000, 0x00000000e4b00000, 0x00000000e4c00000|  0%| F|  |TAMS 0x00000000e4b00000| PB 0x00000000e4b00000| Untracked 
|  76|0x00000000e4c00000, 0x00000000e4c00000, 0x00000000e4d00000|  0%| F|  |TAMS 0x00000000e4c00000| PB 0x00000000e4c00000| Untracked 
|  77|0x00000000e4d00000, 0x00000000e4d00000, 0x00000000e4e00000|  0%| F|  |TAMS 0x00000000e4d00000| PB 0x00000000e4d00000| Untracked 
|  78|0x00000000e4e00000, 0x00000000e4e00000, 0x00000000e4f00000|  0%| F|  |TAMS 0x00000000e4e00000| PB 0x00000000e4e00000| Untracked 
|  79|0x00000000e4f00000, 0x00000000e4f00000, 0x00000000e5000000|  0%| F|  |TAMS 0x00000000e4f00000| PB 0x00000000e4f00000| Untracked 
|  80|0x00000000e5000000, 0x00000000e5000000, 0x00000000e5100000|  0%| F|  |TAMS 0x00000000e5000000| PB 0x00000000e5000000| Untracked 
|  81|0x00000000e5100000, 0x00000000e5100000, 0x00000000e5200000|  0%| F|  |TAMS 0x00000000e5100000| PB 0x00000000e5100000| Untracked 
|  82|0x00000000e5200000, 0x00000000e5200000, 0x00000000e5300000|  0%| F|  |TAMS 0x00000000e5200000| PB 0x00000000e5200000| Untracked 
|  83|0x00000000e5300000, 0x00000000e5300000, 0x00000000e5400000|  0%| F|  |TAMS 0x00000000e5300000| PB 0x00000000e5300000| Untracked 
|  84|0x00000000e5400000, 0x00000000e5400000, 0x00000000e5500000|  0%| F|  |TAMS 0x00000000e5400000| PB 0x00000000e5400000| Untracked 
|  85|0x00000000e5500000, 0x00000000e5500000, 0x00000000e5600000|  0%| F|  |TAMS 0x00000000e5500000| PB 0x00000000e5500000| Untracked 
|  86|0x00000000e5600000, 0x00000000e5600000, 0x00000000e5700000|  0%| F|  |TAMS 0x00000000e5600000| PB 0x00000000e5600000| Untracked 
|  87|0x00000000e5700000, 0x00000000e5700000, 0x00000000e5800000|  0%| F|  |TAMS 0x00000000e5700000| PB 0x00000000e5700000| Untracked 
|  88|0x00000000e5800000, 0x00000000e5800000, 0x00000000e5900000|  0%| F|  |TAMS 0x00000000e5800000| PB 0x00000000e5800000| Untracked 
|  89|0x00000000e5900000, 0x00000000e5900000, 0x00000000e5a00000|  0%| F|  |TAMS 0x00000000e5900000| PB 0x00000000e5900000| Untracked 
|  90|0x00000000e5a00000, 0x00000000e5a00000, 0x00000000e5b00000|  0%| F|  |TAMS 0x00000000e5a00000| PB 0x00000000e5a00000| Untracked 
|  91|0x00000000e5b00000, 0x00000000e5b00000, 0x00000000e5c00000|  0%| F|  |TAMS 0x00000000e5b00000| PB 0x00000000e5b00000| Untracked 
|  92|0x00000000e5c00000, 0x00000000e5c00000, 0x00000000e5d00000|  0%| F|  |TAMS 0x00000000e5c00000| PB 0x00000000e5c00000| Untracked 
|  93|0x00000000e5d00000, 0x00000000e5d00000, 0x00000000e5e00000|  0%| F|  |TAMS 0x00000000e5d00000| PB 0x00000000e5d00000| Untracked 
|  94|0x00000000e5e00000, 0x00000000e5e00000, 0x00000000e5f00000|  0%| F|  |TAMS 0x00000000e5e00000| PB 0x00000000e5e00000| Untracked 
|  95|0x00000000e5f00000, 0x00000000e5f00000, 0x00000000e6000000|  0%| F|  |TAMS 0x00000000e5f00000| PB 0x00000000e5f00000| Untracked 
|  96|0x00000000e6000000, 0x00000000e6000000, 0x00000000e6100000|  0%| F|  |TAMS 0x00000000e6000000| PB 0x00000000e6000000| Untracked 
|  97|0x00000000e6100000, 0x00000000e6100000, 0x00000000e6200000|  0%| F|  |TAMS 0x00000000e6100000| PB 0x00000000e6100000| Untracked 
|  98|0x00000000e6200000, 0x00000000e6200000, 0x00000000e6300000|  0%| F|  |TAMS 0x00000000e6200000| PB 0x00000000e6200000| Untracked 
|  99|0x00000000e6300000, 0x00000000e6300000, 0x00000000e6400000|  0%| F|  |TAMS 0x00000000e6300000| PB 0x00000000e6300000| Untracked 
| 100|0x00000000e6400000, 0x00000000e6400000, 0x00000000e6500000|  0%| F|  |TAMS 0x00000000e6400000| PB 0x00000000e6400000| Untracked 
| 101|0x00000000e6500000, 0x00000000e6500000, 0x00000000e6600000|  0%| F|  |TAMS 0x00000000e6500000| PB 0x00000000e6500000| Untracked 
| 102|0x00000000e6600000, 0x00000000e6600000, 0x00000000e6700000|  0%| F|  |TAMS 0x00000000e6600000| PB 0x00000000e6600000| Untracked 
| 103|0x00000000e6700000, 0x00000000e6700000, 0x00000000e6800000|  0%| F|  |TAMS 0x00000000e6700000| PB 0x00000000e6700000| Untracked 
| 104|0x00000000e6800000, 0x00000000e6800000, 0x00000000e6900000|  0%| F|  |TAMS 0x00000000e6800000| PB 0x00000000e6800000| Untracked 
| 105|0x00000000e6900000, 0x00000000e6900000, 0x00000000e6a00000|  0%| F|  |TAMS 0x00000000e6900000| PB 0x00000000e6900000| Untracked 
| 106|0x00000000e6a00000, 0x00000000e6a00000, 0x00000000e6b00000|  0%| F|  |TAMS 0x00000000e6a00000| PB 0x00000000e6a00000| Untracked 
| 107|0x00000000e6b00000, 0x00000000e6b00000, 0x00000000e6c00000|  0%| F|  |TAMS 0x00000000e6b00000| PB 0x00000000e6b00000| Untracked 
| 108|0x00000000e6c00000, 0x00000000e6c00000, 0x00000000e6d00000|  0%| F|  |TAMS 0x00000000e6c00000| PB 0x00000000e6c00000| Untracked 
| 109|0x00000000e6d00000, 0x00000000e6d00000, 0x00000000e6e00000|  0%| F|  |TAMS 0x00000000e6d00000| PB 0x00000000e6d00000| Untracked 
| 110|0x00000000e6e00000, 0x00000000e6e00000, 0x00000000e6f00000|  0%| F|  |TAMS 0x00000000e6e00000| PB 0x00000000e6e00000| Untracked 
| 111|0x00000000e6f00000, 0x00000000e6f00000, 0x00000000e7000000|  0%| F|  |TAMS 0x00000000e6f00000| PB 0x00000000e6f00000| Untracked 
| 112|0x00000000e7000000, 0x00000000e7000000, 0x00000000e7100000|  0%| F|  |TAMS 0x00000000e7000000| PB 0x00000000e7000000| Untracked 
| 113|0x00000000e7100000, 0x00000000e7100000, 0x00000000e7200000|  0%| F|  |TAMS 0x00000000e7100000| PB 0x00000000e7100000| Untracked 
| 114|0x00000000e7200000, 0x00000000e7200000, 0x00000000e7300000|  0%| F|  |TAMS 0x00000000e7200000| PB 0x00000000e7200000| Untracked 
| 115|0x00000000e7300000, 0x00000000e7300000, 0x00000000e7400000|  0%| F|  |TAMS 0x00000000e7300000| PB 0x00000000e7300000| Untracked 
| 116|0x00000000e7400000, 0x00000000e7400000, 0x00000000e7500000|  0%| F|  |TAMS 0x00000000e7400000| PB 0x00000000e7400000| Untracked 
| 117|0x00000000e7500000, 0x00000000e7500000, 0x00000000e7600000|  0%| F|  |TAMS 0x00000000e7500000| PB 0x00000000e7500000| Untracked 
| 118|0x00000000e7600000, 0x00000000e7600000, 0x00000000e7700000|  0%| F|  |TAMS 0x00000000e7600000| PB 0x00000000e7600000| Untracked 
| 119|0x00000000e7700000, 0x00000000e7700000, 0x00000000e7800000|  0%| F|  |TAMS 0x00000000e7700000| PB 0x00000000e7700000| Untracked 
| 120|0x00000000e7800000, 0x00000000e7800000, 0x00000000e7900000|  0%| F|  |TAMS 0x00000000e7800000| PB 0x00000000e7800000| Untracked 
| 121|0x00000000e7900000, 0x00000000e7900000, 0x00000000e7a00000|  0%| F|  |TAMS 0x00000000e7900000| PB 0x00000000e7900000| Untracked 
| 122|0x00000000e7a00000, 0x00000000e7a00000, 0x00000000e7b00000|  0%| F|  |TAMS 0x00000000e7a00000| PB 0x00000000e7a00000| Untracked 
| 123|0x00000000e7b00000, 0x00000000e7b00000, 0x00000000e7c00000|  0%| F|  |TAMS 0x00000000e7b00000| PB 0x00000000e7b00000| Untracked 
| 124|0x00000000e7c00000, 0x00000000e7c00000, 0x00000000e7d00000|  0%| F|  |TAMS 0x00000000e7c00000| PB 0x00000000e7c00000| Untracked 
| 125|0x00000000e7d00000, 0x00000000e7d00000, 0x00000000e7e00000|  0%| F|  |TAMS 0x00000000e7d00000| PB 0x00000000e7d00000| Untracked 
| 126|0x00000000e7e00000, 0x00000000e7e00000, 0x00000000e7f00000|  0%| F|  |TAMS 0x00000000e7e00000| PB 0x00000000e7e00000| Untracked 
| 127|0x00000000e7f00000, 0x00000000e7f00000, 0x00000000e8000000|  0%| F|  |TAMS 0x00000000e7f00000| PB 0x00000000e7f00000| Untracked 
| 128|0x00000000e8000000, 0x00000000e8000000, 0x00000000e8100000|  0%| F|  |TAMS 0x00000000e8000000| PB 0x00000000e8000000| Untracked 
| 129|0x00000000e8100000, 0x00000000e8180000, 0x00000000e8200000| 50%| E|  |TAMS 0x00000000e8100000| PB 0x00000000e8100000| Complete 
| 130|0x00000000e8200000, 0x00000000e8300000, 0x00000000e8300000|100%| E|CS|TAMS 0x00000000e8200000| PB 0x00000000e8200000| Complete 
| 131|0x00000000e8300000, 0x00000000e8400000, 0x00000000e8400000|100%| E|CS|TAMS 0x00000000e8300000| PB 0x00000000e8300000| Complete 
| 132|0x00000000e8400000, 0x00000000e8500000, 0x00000000e8500000|100%| E|CS|TAMS 0x00000000e8400000| PB 0x00000000e8400000| Complete 
| 133|0x00000000e8500000, 0x00000000e8600000, 0x00000000e8600000|100%| E|CS|TAMS 0x00000000e8500000| PB 0x00000000e8500000| Complete 
| 134|0x00000000e8600000, 0x00000000e8700000, 0x00000000e8700000|100%| E|CS|TAMS 0x00000000e8600000| PB 0x00000000e8600000| Complete 
| 135|0x00000000e8700000, 0x00000000e8800000, 0x00000000e8800000|100%| E|CS|TAMS 0x00000000e8700000| PB 0x00000000e8700000| Complete 
| 136|0x00000000e8800000, 0x00000000e8900000, 0x00000000e8900000|100%| E|CS|TAMS 0x00000000e8800000| PB 0x00000000e8800000| Complete 
| 137|0x00000000e8900000, 0x00000000e8a00000, 0x00000000e8a00000|100%| E|CS|TAMS 0x00000000e8900000| PB 0x00000000e8900000| Complete 
| 138|0x00000000e8a00000, 0x00000000e8b00000, 0x00000000e8b00000|100%| E|CS|TAMS 0x00000000e8a00000| PB 0x00000000e8a00000| Complete 
| 139|0x00000000e8b00000, 0x00000000e8c00000, 0x00000000e8c00000|100%| E|  |TAMS 0x00000000e8b00000| PB 0x00000000e8b00000| Complete 
| 140|0x00000000e8c00000, 0x00000000e8d00000, 0x00000000e8d00000|100%| E|CS|TAMS 0x00000000e8c00000| PB 0x00000000e8c00000| Complete 
| 141|0x00000000e8d00000, 0x00000000e8e00000, 0x00000000e8e00000|100%| E|CS|TAMS 0x00000000e8d00000| PB 0x00000000e8d00000| Complete 
| 142|0x00000000e8e00000, 0x00000000e8f00000, 0x00000000e8f00000|100%| E|CS|TAMS 0x00000000e8e00000| PB 0x00000000e8e00000| Complete 
| 143|0x00000000e8f00000, 0x00000000e9000000, 0x00000000e9000000|100%| E|CS|TAMS 0x00000000e8f00000| PB 0x00000000e8f00000| Complete 
| 144|0x00000000e9000000, 0x00000000e9100000, 0x00000000e9100000|100%| E|CS|TAMS 0x00000000e9000000| PB 0x00000000e9000000| Complete 
| 145|0x00000000e9100000, 0x00000000e9200000, 0x00000000e9200000|100%| E|CS|TAMS 0x00000000e9100000| PB 0x00000000e9100000| Complete 
| 146|0x00000000e9200000, 0x00000000e9300000, 0x00000000e9300000|100%| E|CS|TAMS 0x00000000e9200000| PB 0x00000000e9200000| Complete 
| 147|0x00000000e9300000, 0x00000000e9400000, 0x00000000e9400000|100%| E|CS|TAMS 0x00000000e9300000| PB 0x00000000e9300000| Complete 
| 148|0x00000000e9400000, 0x00000000e9500000, 0x00000000e9500000|100%| E|CS|TAMS 0x00000000e9400000| PB 0x00000000e9400000| Complete 
| 149|0x00000000e9500000, 0x00000000e9600000, 0x00000000e9600000|100%| E|CS|TAMS 0x00000000e9500000| PB 0x00000000e9500000| Complete 
| 150|0x00000000e9600000, 0x00000000e9700000, 0x00000000e9700000|100%| E|CS|TAMS 0x00000000e9600000| PB 0x00000000e9600000| Complete 
| 151|0x00000000e9700000, 0x00000000e9800000, 0x00000000e9800000|100%| E|CS|TAMS 0x00000000e9700000| PB 0x00000000e9700000| Complete 
| 152|0x00000000e9800000, 0x00000000e9900000, 0x00000000e9900000|100%| E|CS|TAMS 0x00000000e9800000| PB 0x00000000e9800000| Complete 
| 153|0x00000000e9900000, 0x00000000e9a00000, 0x00000000e9a00000|100%| E|CS|TAMS 0x00000000e9900000| PB 0x00000000e9900000| Complete 
| 154|0x00000000e9a00000, 0x00000000e9b00000, 0x00000000e9b00000|100%| E|CS|TAMS 0x00000000e9a00000| PB 0x00000000e9a00000| Complete 
| 155|0x00000000e9b00000, 0x00000000e9c00000, 0x00000000e9c00000|100%| E|CS|TAMS 0x00000000e9b00000| PB 0x00000000e9b00000| Complete 
| 156|0x00000000e9c00000, 0x00000000e9d00000, 0x00000000e9d00000|100%| E|CS|TAMS 0x00000000e9c00000| PB 0x00000000e9c00000| Complete 
| 157|0x00000000e9d00000, 0x00000000e9e00000, 0x00000000e9e00000|100%| E|CS|TAMS 0x00000000e9d00000| PB 0x00000000e9d00000| Complete 
| 158|0x00000000e9e00000, 0x00000000e9f00000, 0x00000000e9f00000|100%| E|CS|TAMS 0x00000000e9e00000| PB 0x00000000e9e00000| Complete 
| 159|0x00000000e9f00000, 0x00000000ea000000, 0x00000000ea000000|100%| E|CS|TAMS 0x00000000e9f00000| PB 0x00000000e9f00000| Complete 
| 160|0x00000000ea000000, 0x00000000ea100000, 0x00000000ea100000|100%| E|CS|TAMS 0x00000000ea000000| PB 0x00000000ea000000| Complete 
| 161|0x00000000ea100000, 0x00000000ea200000, 0x00000000ea200000|100%| E|CS|TAMS 0x00000000ea100000| PB 0x00000000ea100000| Complete 
| 162|0x00000000ea200000, 0x00000000ea300000, 0x00000000ea300000|100%| E|CS|TAMS 0x00000000ea200000| PB 0x00000000ea200000| Complete 
| 163|0x00000000ea300000, 0x00000000ea400000, 0x00000000ea400000|100%| E|CS|TAMS 0x00000000ea300000| PB 0x00000000ea300000| Complete 
| 164|0x00000000ea400000, 0x00000000ea500000, 0x00000000ea500000|100%| E|CS|TAMS 0x00000000ea400000| PB 0x00000000ea400000| Complete 
| 165|0x00000000ea500000, 0x00000000ea600000, 0x00000000ea600000|100%| E|CS|TAMS 0x00000000ea500000| PB 0x00000000ea500000| Complete 
| 166|0x00000000ea600000, 0x00000000ea700000, 0x00000000ea700000|100%| E|CS|TAMS 0x00000000ea600000| PB 0x00000000ea600000| Complete 
| 167|0x00000000ea700000, 0x00000000ea800000, 0x00000000ea800000|100%| E|CS|TAMS 0x00000000ea700000| PB 0x00000000ea700000| Complete 
| 168|0x00000000ea800000, 0x00000000ea900000, 0x00000000ea900000|100%| E|CS|TAMS 0x00000000ea800000| PB 0x00000000ea800000| Complete 
| 169|0x00000000ea900000, 0x00000000eaa00000, 0x00000000eaa00000|100%| E|CS|TAMS 0x00000000ea900000| PB 0x00000000ea900000| Complete 
| 170|0x00000000eaa00000, 0x00000000eab00000, 0x00000000eab00000|100%| E|CS|TAMS 0x00000000eaa00000| PB 0x00000000eaa00000| Complete 
| 171|0x00000000eab00000, 0x00000000eac00000, 0x00000000eac00000|100%| E|CS|TAMS 0x00000000eab00000| PB 0x00000000eab00000| Complete 
| 172|0x00000000eac00000, 0x00000000ead00000, 0x00000000ead00000|100%| E|CS|TAMS 0x00000000eac00000| PB 0x00000000eac00000| Complete 
| 173|0x00000000ead00000, 0x00000000eae00000, 0x00000000eae00000|100%| E|CS|TAMS 0x00000000ead00000| PB 0x00000000ead00000| Complete 
| 174|0x00000000eae00000, 0x00000000eaf00000, 0x00000000eaf00000|100%| E|CS|TAMS 0x00000000eae00000| PB 0x00000000eae00000| Complete 
| 175|0x00000000eaf00000, 0x00000000eb000000, 0x00000000eb000000|100%| E|CS|TAMS 0x00000000eaf00000| PB 0x00000000eaf00000| Complete 
| 176|0x00000000eb000000, 0x00000000eb100000, 0x00000000eb100000|100%| E|CS|TAMS 0x00000000eb000000| PB 0x00000000eb000000| Complete 
| 177|0x00000000eb100000, 0x00000000eb200000, 0x00000000eb200000|100%| E|CS|TAMS 0x00000000eb100000| PB 0x00000000eb100000| Complete 
| 178|0x00000000eb200000, 0x00000000eb300000, 0x00000000eb300000|100%| E|CS|TAMS 0x00000000eb200000| PB 0x00000000eb200000| Complete 
| 179|0x00000000eb300000, 0x00000000eb400000, 0x00000000eb400000|100%| E|CS|TAMS 0x00000000eb300000| PB 0x00000000eb300000| Complete 
| 180|0x00000000eb400000, 0x00000000eb500000, 0x00000000eb500000|100%| E|CS|TAMS 0x00000000eb400000| PB 0x00000000eb400000| Complete 
| 181|0x00000000eb500000, 0x00000000eb600000, 0x00000000eb600000|100%| E|CS|TAMS 0x00000000eb500000| PB 0x00000000eb500000| Complete 
| 182|0x00000000eb600000, 0x00000000eb700000, 0x00000000eb700000|100%| E|CS|TAMS 0x00000000eb600000| PB 0x00000000eb600000| Complete 
| 183|0x00000000eb700000, 0x00000000eb800000, 0x00000000eb800000|100%| E|CS|TAMS 0x00000000eb700000| PB 0x00000000eb700000| Complete 
| 184|0x00000000eb800000, 0x00000000eb900000, 0x00000000eb900000|100%| E|CS|TAMS 0x00000000eb800000| PB 0x00000000eb800000| Complete 
| 185|0x00000000eb900000, 0x00000000eba00000, 0x00000000eba00000|100%| E|CS|TAMS 0x00000000eb900000| PB 0x00000000eb900000| Complete 
| 186|0x00000000eba00000, 0x00000000ebb00000, 0x00000000ebb00000|100%| E|CS|TAMS 0x00000000eba00000| PB 0x00000000eba00000| Complete 
| 187|0x00000000ebb00000, 0x00000000ebc00000, 0x00000000ebc00000|100%| E|CS|TAMS 0x00000000ebb00000| PB 0x00000000ebb00000| Complete 
| 188|0x00000000ebc00000, 0x00000000ebd00000, 0x00000000ebd00000|100%| E|CS|TAMS 0x00000000ebc00000| PB 0x00000000ebc00000| Complete 
| 189|0x00000000ebd00000, 0x00000000ebe00000, 0x00000000ebe00000|100%| E|CS|TAMS 0x00000000ebd00000| PB 0x00000000ebd00000| Complete 
| 190|0x00000000ebe00000, 0x00000000ebf00000, 0x00000000ebf00000|100%| E|CS|TAMS 0x00000000ebe00000| PB 0x00000000ebe00000| Complete 
| 191|0x00000000ebf00000, 0x00000000ec000000, 0x00000000ec000000|100%| E|CS|TAMS 0x00000000ebf00000| PB 0x00000000ebf00000| Complete 
| 192|0x00000000ec000000, 0x00000000ec100000, 0x00000000ec100000|100%| E|CS|TAMS 0x00000000ec000000| PB 0x00000000ec000000| Complete 
| 193|0x00000000ec100000, 0x00000000ec200000, 0x00000000ec200000|100%| E|CS|TAMS 0x00000000ec100000| PB 0x00000000ec100000| Complete 
| 194|0x00000000ec200000, 0x00000000ec300000, 0x00000000ec300000|100%| E|CS|TAMS 0x00000000ec200000| PB 0x00000000ec200000| Complete 
| 195|0x00000000ec300000, 0x00000000ec400000, 0x00000000ec400000|100%| E|CS|TAMS 0x00000000ec300000| PB 0x00000000ec300000| Complete 
| 196|0x00000000ec400000, 0x00000000ec500000, 0x00000000ec500000|100%| E|CS|TAMS 0x00000000ec400000| PB 0x00000000ec400000| Complete 
| 197|0x00000000ec500000, 0x00000000ec600000, 0x00000000ec600000|100%| E|CS|TAMS 0x00000000ec500000| PB 0x00000000ec500000| Complete 
| 198|0x00000000ec600000, 0x00000000ec700000, 0x00000000ec700000|100%| E|CS|TAMS 0x00000000ec600000| PB 0x00000000ec600000| Complete 
| 199|0x00000000ec700000, 0x00000000ec800000, 0x00000000ec800000|100%| E|CS|TAMS 0x00000000ec700000| PB 0x00000000ec700000| Complete 
| 200|0x00000000ec800000, 0x00000000ec900000, 0x00000000ec900000|100%| E|CS|TAMS 0x00000000ec800000| PB 0x00000000ec800000| Complete 
| 201|0x00000000ec900000, 0x00000000eca00000, 0x00000000eca00000|100%| E|CS|TAMS 0x00000000ec900000| PB 0x00000000ec900000| Complete 
| 202|0x00000000eca00000, 0x00000000ecb00000, 0x00000000ecb00000|100%| E|CS|TAMS 0x00000000eca00000| PB 0x00000000eca00000| Complete 
| 203|0x00000000ecb00000, 0x00000000ecc00000, 0x00000000ecc00000|100%| E|CS|TAMS 0x00000000ecb00000| PB 0x00000000ecb00000| Complete 
| 204|0x00000000ecc00000, 0x00000000ecd00000, 0x00000000ecd00000|100%| E|CS|TAMS 0x00000000ecc00000| PB 0x00000000ecc00000| Complete 
| 205|0x00000000ecd00000, 0x00000000ece00000, 0x00000000ece00000|100%| E|CS|TAMS 0x00000000ecd00000| PB 0x00000000ecd00000| Complete 
| 206|0x00000000ece00000, 0x00000000ecf00000, 0x00000000ecf00000|100%| E|CS|TAMS 0x00000000ece00000| PB 0x00000000ece00000| Complete 
| 207|0x00000000ecf00000, 0x00000000ed000000, 0x00000000ed000000|100%| E|CS|TAMS 0x00000000ecf00000| PB 0x00000000ecf00000| Complete 
| 208|0x00000000ed000000, 0x00000000ed100000, 0x00000000ed100000|100%| E|CS|TAMS 0x00000000ed000000| PB 0x00000000ed000000| Complete 
| 209|0x00000000ed100000, 0x00000000ed200000, 0x00000000ed200000|100%| E|CS|TAMS 0x00000000ed100000| PB 0x00000000ed100000| Complete 
| 210|0x00000000ed200000, 0x00000000ed300000, 0x00000000ed300000|100%| E|CS|TAMS 0x00000000ed200000| PB 0x00000000ed200000| Complete 
| 211|0x00000000ed300000, 0x00000000ed400000, 0x00000000ed400000|100%| E|CS|TAMS 0x00000000ed300000| PB 0x00000000ed300000| Complete 
| 212|0x00000000ed400000, 0x00000000ed500000, 0x00000000ed500000|100%| E|CS|TAMS 0x00000000ed400000| PB 0x00000000ed400000| Complete 
| 213|0x00000000ed500000, 0x00000000ed600000, 0x00000000ed600000|100%| E|CS|TAMS 0x00000000ed500000| PB 0x00000000ed500000| Complete 
| 214|0x00000000ed600000, 0x00000000ed700000, 0x00000000ed700000|100%| E|CS|TAMS 0x00000000ed600000| PB 0x00000000ed600000| Complete 
| 215|0x00000000ed700000, 0x00000000ed800000, 0x00000000ed800000|100%| E|CS|TAMS 0x00000000ed700000| PB 0x00000000ed700000| Complete 
| 216|0x00000000ed800000, 0x00000000ed900000, 0x00000000ed900000|100%| E|CS|TAMS 0x00000000ed800000| PB 0x00000000ed800000| Complete 
| 217|0x00000000ed900000, 0x00000000eda00000, 0x00000000eda00000|100%| E|CS|TAMS 0x00000000ed900000| PB 0x00000000ed900000| Complete 
| 218|0x00000000eda00000, 0x00000000edb00000, 0x00000000edb00000|100%| E|CS|TAMS 0x00000000eda00000| PB 0x00000000eda00000| Complete 
| 219|0x00000000edb00000, 0x00000000edc00000, 0x00000000edc00000|100%| E|CS|TAMS 0x00000000edb00000| PB 0x00000000edb00000| Complete 
| 220|0x00000000edc00000, 0x00000000edd00000, 0x00000000edd00000|100%| E|CS|TAMS 0x00000000edc00000| PB 0x00000000edc00000| Complete 
| 221|0x00000000edd00000, 0x00000000ede00000, 0x00000000ede00000|100%| E|CS|TAMS 0x00000000edd00000| PB 0x00000000edd00000| Complete 
| 222|0x00000000ede00000, 0x00000000edf00000, 0x00000000edf00000|100%| E|CS|TAMS 0x00000000ede00000| PB 0x00000000ede00000| Complete 
| 223|0x00000000edf00000, 0x00000000ee000000, 0x00000000ee000000|100%| E|CS|TAMS 0x00000000edf00000| PB 0x00000000edf00000| Complete 
| 224|0x00000000ee000000, 0x00000000ee100000, 0x00000000ee100000|100%| E|CS|TAMS 0x00000000ee000000| PB 0x00000000ee000000| Complete 
| 225|0x00000000ee100000, 0x00000000ee200000, 0x00000000ee200000|100%| E|CS|TAMS 0x00000000ee100000| PB 0x00000000ee100000| Complete 
| 226|0x00000000ee200000, 0x00000000ee300000, 0x00000000ee300000|100%| E|CS|TAMS 0x00000000ee200000| PB 0x00000000ee200000| Complete 
| 227|0x00000000ee300000, 0x00000000ee400000, 0x00000000ee400000|100%| E|CS|TAMS 0x00000000ee300000| PB 0x00000000ee300000| Complete 
| 228|0x00000000ee400000, 0x00000000ee500000, 0x00000000ee500000|100%| E|CS|TAMS 0x00000000ee400000| PB 0x00000000ee400000| Complete 
| 229|0x00000000ee500000, 0x00000000ee600000, 0x00000000ee600000|100%| E|CS|TAMS 0x00000000ee500000| PB 0x00000000ee500000| Complete 
| 230|0x00000000ee600000, 0x00000000ee700000, 0x00000000ee700000|100%| E|CS|TAMS 0x00000000ee600000| PB 0x00000000ee600000| Complete 
| 231|0x00000000ee700000, 0x00000000ee800000, 0x00000000ee800000|100%| E|CS|TAMS 0x00000000ee700000| PB 0x00000000ee700000| Complete 
| 232|0x00000000ee800000, 0x00000000ee900000, 0x00000000ee900000|100%| E|CS|TAMS 0x00000000ee800000| PB 0x00000000ee800000| Complete 
| 233|0x00000000ee900000, 0x00000000eea00000, 0x00000000eea00000|100%| E|CS|TAMS 0x00000000ee900000| PB 0x00000000ee900000| Complete 
| 234|0x00000000eea00000, 0x00000000eeb00000, 0x00000000eeb00000|100%| E|CS|TAMS 0x00000000eea00000| PB 0x00000000eea00000| Complete 
| 235|0x00000000eeb00000, 0x00000000eec00000, 0x00000000eec00000|100%| E|CS|TAMS 0x00000000eeb00000| PB 0x00000000eeb00000| Complete 
| 236|0x00000000eec00000, 0x00000000eed00000, 0x00000000eed00000|100%| E|CS|TAMS 0x00000000eec00000| PB 0x00000000eec00000| Complete 
| 237|0x00000000eed00000, 0x00000000eed5a8a8, 0x00000000eee00000| 35%| S|CS|TAMS 0x00000000eed00000| PB 0x00000000eed00000| Complete 
| 238|0x00000000eee00000, 0x00000000eef00000, 0x00000000eef00000|100%| S|CS|TAMS 0x00000000eee00000| PB 0x00000000eee00000| Complete 
| 239|0x00000000eef00000, 0x00000000ef000000, 0x00000000ef000000|100%| S|CS|TAMS 0x00000000eef00000| PB 0x00000000eef00000| Complete 
| 240|0x00000000ef000000, 0x00000000ef100000, 0x00000000ef100000|100%| S|CS|TAMS 0x00000000ef000000| PB 0x00000000ef000000| Complete 
| 241|0x00000000ef100000, 0x00000000ef200000, 0x00000000ef200000|100%| S|CS|TAMS 0x00000000ef100000| PB 0x00000000ef100000| Complete 
| 242|0x00000000ef200000, 0x00000000ef300000, 0x00000000ef300000|100%| S|CS|TAMS 0x00000000ef200000| PB 0x00000000ef200000| Complete 
| 243|0x00000000ef300000, 0x00000000ef400000, 0x00000000ef400000|100%| S|CS|TAMS 0x00000000ef300000| PB 0x00000000ef300000| Complete 
| 244|0x00000000ef400000, 0x00000000ef500000, 0x00000000ef500000|100%| S|CS|TAMS 0x00000000ef400000| PB 0x00000000ef400000| Complete 
| 245|0x00000000ef500000, 0x00000000ef600000, 0x00000000ef600000|100%| E|CS|TAMS 0x00000000ef500000| PB 0x00000000ef500000| Complete 
| 246|0x00000000ef600000, 0x00000000ef700000, 0x00000000ef700000|100%| E|CS|TAMS 0x00000000ef600000| PB 0x00000000ef600000| Complete 
| 247|0x00000000ef700000, 0x00000000ef800000, 0x00000000ef800000|100%| E|CS|TAMS 0x00000000ef700000| PB 0x00000000ef700000| Complete 
| 248|0x00000000ef800000, 0x00000000ef900000, 0x00000000ef900000|100%| E|CS|TAMS 0x00000000ef800000| PB 0x00000000ef800000| Complete 
| 249|0x00000000ef900000, 0x00000000efa00000, 0x00000000efa00000|100%| E|CS|TAMS 0x00000000ef900000| PB 0x00000000ef900000| Complete 
| 250|0x00000000efa00000, 0x00000000efb00000, 0x00000000efb00000|100%| E|CS|TAMS 0x00000000efa00000| PB 0x00000000efa00000| Complete 
| 251|0x00000000efb00000, 0x00000000efc00000, 0x00000000efc00000|100%| E|CS|TAMS 0x00000000efb00000| PB 0x00000000efb00000| Complete 
| 252|0x00000000efc00000, 0x00000000efd00000, 0x00000000efd00000|100%| E|CS|TAMS 0x00000000efc00000| PB 0x00000000efc00000| Complete 
| 253|0x00000000efd00000, 0x00000000efe00000, 0x00000000efe00000|100%| S|CS|TAMS 0x00000000efd00000| PB 0x00000000efd00000| Complete 
| 254|0x00000000efe00000, 0x00000000eff00000, 0x00000000eff00000|100%| E|CS|TAMS 0x00000000efe00000| PB 0x00000000efe00000| Complete 
| 255|0x00000000eff00000, 0x00000000f0000000, 0x00000000f0000000|100%| E|CS|TAMS 0x00000000eff00000| PB 0x00000000eff00000| Complete 

Card table byte_map: [0x00000130f8610000,0x00000130f8710000] _byte_map_base: 0x00000130f7f10000

Marking Bits: (CMBitMap*) 0x00000130f543b780
 Bits: [0x00000130f8710000, 0x00000130f8f10000)

Polling page: 0x00000130f4bd0000

Metaspace:

Usage:
  Non-class:     43.00 MB used.
      Class:      7.50 MB used.
       Both:     50.50 MB used.

Virtual space:
  Non-class space:       64.00 MB reserved,      43.94 MB ( 69%) committed,  1 nodes.
      Class space:      320.00 MB reserved,       8.44 MB (  3%) committed,  1 nodes.
             Both:      384.00 MB reserved,      52.38 MB ( 14%) committed. 

Chunk freelists:
   Non-Class:  3.94 MB
       Class:  7.47 MB
        Both:  11.41 MB

MaxMetaspaceSize: 384.00 MB
CompressedClassSpaceSize: 320.00 MB
Initial GC threshold: 21.00 MB
Current GC threshold: 60.00 MB
CDS: on
 - commit_granule_bytes: 65536.
 - commit_granule_words: 8192.
 - virtual_space_node_default_size: 8388608.
 - enlarge_chunks_in_place: 1.
 - use_allocation_guard: 0.


Internal statistics:

num_allocs_failed_limit: 12.
num_arena_births: 3444.
num_arena_deaths: 0.
num_vsnodes_births: 2.
num_vsnodes_deaths: 0.
num_space_committed: 838.
num_space_uncommitted: 0.
num_chunks_returned_to_freelist: 12.
num_chunks_taken_from_freelist: 5879.
num_chunk_merges: 6.
num_chunk_splits: 3748.
num_chunks_enlarged: 2179.
num_inconsistent_stats: 0.

CodeHeap 'non-profiled nmethods': size=120000Kb used=3265Kb max_used=3265Kb free=116734Kb
 bounds [0x0000013087ad0000, 0x0000013087e10000, 0x000001308f000000]
CodeHeap 'profiled nmethods': size=120000Kb used=10111Kb max_used=10111Kb free=109888Kb
 bounds [0x0000013080000000, 0x00000130809e0000, 0x0000013087530000]
CodeHeap 'non-nmethods': size=5760Kb used=1932Kb max_used=1972Kb free=3827Kb
 bounds [0x0000013087530000, 0x00000130877a0000, 0x0000013087ad0000]
CodeCache: size=245760Kb, used=15308Kb, max_used=15348Kb, free=230449Kb
 total_blobs=6036, nmethods=5238, adapters=702, full_count=0
Compilation: enabled, stopped_count=0, restarted_count=0

Compilation events (20 events):
Event: 156.751 Thread 0x00000130fb5348c0 nmethod 5704 0x00000130809d3c90 code [0x00000130809d3ea0, 0x00000130809d4520]
Event: 156.754 Thread 0x00000130fb531a10 5705       4       java.util.HashMap::put (13 bytes)
Event: 156.762 Thread 0x00000130fb5348c0 5708       3       java.lang.reflect.Method::hashCode (19 bytes)
Event: 156.762 Thread 0x00000130fb5348c0 nmethod 5708 0x00000130809d4710 code [0x00000130809d48e0, 0x00000130809d4b80]
Event: 156.763 Thread 0x00000130fb5348c0 5709       3       java.lang.AbstractStringBuilder::appendChars (207 bytes)
Event: 156.763 Thread 0x00000130fb5348c0 nmethod 5709 0x00000130809d4d10 code [0x00000130809d4fc0, 0x00000130809d5ee8]
Event: 156.764 Thread 0x00000130fb531a10 nmethod 5705 0x0000013087dfc590 code [0x0000013087dfc7c0, 0x0000013087dfd1a0]
Event: 156.764 Thread 0x00000130fb531a10 5706       4       java.lang.invoke.InvokerBytecodeGenerator::emitStoreResult (27 bytes)
Event: 156.776 Thread 0x00000130fb531a10 nmethod 5706 0x0000013087dfd710 code [0x0000013087dfd980, 0x0000013087dfe2c0]
Event: 156.776 Thread 0x00000130fb531a10 5707       4       java.lang.invoke.LambdaForm$NamedFunction::intrinsicName (21 bytes)
Event: 156.776 Thread 0x00000130fb531a10 nmethod 5707 0x0000013087dfe990 code [0x0000013087dfeb20, 0x0000013087dfebe8]
Event: 156.798 Thread 0x00000130fb531a10 5710       4       java.util.HashMap::getNode (150 bytes)
Event: 156.802 Thread 0x00000130fb531a10 nmethod 5710 0x0000013087dfec90 code [0x0000013087dfee40, 0x0000013087dff158]
Event: 156.805 Thread 0x00000130fb531a10 5711       4       sun.invoke.util.VerifyAccess::isClassAccessible (230 bytes)
Event: 156.809 Thread 0x00000130fb531a10 nmethod 5711 0x0000013087dff390 code [0x0000013087dff580, 0x0000013087dff900]
Event: 156.853 Thread 0x00000130fb531a10 5712       4       org.objectweb.asm.Frame::merge (322 bytes)
Event: 156.853 Thread 0x00000130fb5348c0 5713       3       org.gradle.internal.instantiation.generator.AsmBackedClassGenerator$ClassBuilderImpl$$Lambda/0x00000130901f3300::<init> (50 bytes)
Event: 156.853 Thread 0x00000130fb5348c0 nmethod 5713 0x00000130809d6410 code [0x00000130809d65c0, 0x00000130809d6970]
Event: 156.858 Thread 0x00000130fb531a10 nmethod 5712 0x0000013087dffc90 code [0x0000013087dffe40, 0x0000013087e000e8]
Event: 156.858 Thread 0x00000130fb531a10 5714       4       org.objectweb.asm.MethodWriter::computeAllFrames (510 bytes)

GC Heap History (16 events):
Event: 3.270 GC heap before
{Heap before GC invocations=0 (full 0):
 garbage-first heap   total 262144K, used 12288K [0x00000000e0000000, 0x0000000100000000)
  region size 1024K, 13 young (13312K), 0 survivors (0K)
 Metaspace       used 948K, committed 1024K, reserved 393216K
  class space    used 71K, committed 128K, reserved 327680K
}
Event: 4.517 GC heap after
{Heap after GC invocations=1 (full 0):
 garbage-first heap   total 262144K, used 2440K [0x00000000e0000000, 0x0000000100000000)
  region size 1024K, 2 young (2048K), 2 survivors (2048K)
 Metaspace       used 948K, committed 1024K, reserved 393216K
  class space    used 71K, committed 128K, reserved 327680K
}
Event: 6.938 GC heap before
{Heap before GC invocations=1 (full 0):
 garbage-first heap   total 262144K, used 23944K [0x00000000e0000000, 0x0000000100000000)
  region size 1024K, 20 young (20480K), 2 survivors (2048K)
 Metaspace       used 4515K, committed 4736K, reserved 393216K
  class space    used 589K, committed 704K, reserved 327680K
}
Event: 6.942 GC heap after
{Heap after GC invocations=2 (full 0):
 garbage-first heap   total 262144K, used 12099K [0x00000000e0000000, 0x0000000100000000)
  region size 1024K, 3 young (3072K), 3 survivors (3072K)
 Metaspace       used 4515K, committed 4736K, reserved 393216K
  class space    used 589K, committed 704K, reserved 327680K
}
Event: 7.947 GC heap before
{Heap before GC invocations=2 (full 0):
 garbage-first heap   total 262144K, used 35651K [0x00000000e0000000, 0x0000000100000000)
  region size 1024K, 25 young (25600K), 3 survivors (3072K)
 Metaspace       used 4674K, committed 4864K, reserved 393216K
  class space    used 590K, committed 704K, reserved 327680K
}
Event: 7.952 GC heap after
{Heap after GC invocations=3 (full 0):
 garbage-first heap   total 262144K, used 14978K [0x00000000e0000000, 0x0000000100000000)
  region size 1024K, 2 young (2048K), 2 survivors (2048K)
 Metaspace       used 4674K, committed 4864K, reserved 393216K
  class space    used 590K, committed 704K, reserved 327680K
}
Event: 48.346 GC heap before
{Heap before GC invocations=3 (full 0):
 garbage-first heap   total 262144K, used 103042K [0x00000000e0000000, 0x0000000100000000)
  region size 1024K, 89 young (91136K), 2 survivors (2048K)
 Metaspace       used 18182K, committed 18752K, reserved 393216K
  class space    used 2537K, committed 2816K, reserved 327680K
}
Event: 48.355 GC heap after
{Heap after GC invocations=4 (full 0):
 garbage-first heap   total 262144K, used 23480K [0x00000000e0000000, 0x0000000100000000)
  region size 1024K, 11 young (11264K), 11 survivors (11264K)
 Metaspace       used 18182K, committed 18752K, reserved 393216K
  class space    used 2537K, committed 2816K, reserved 327680K
}
Event: 54.469 GC heap before
{Heap before GC invocations=4 (full 0):
 garbage-first heap   total 262144K, used 43960K [0x00000000e0000000, 0x0000000100000000)
  region size 1024K, 32 young (32768K), 11 survivors (11264K)
 Metaspace       used 20821K, committed 21504K, reserved 393216K
  class space    used 2975K, committed 3264K, reserved 327680K
}
Event: 54.477 GC heap after
{Heap after GC invocations=5 (full 0):
 garbage-first heap   total 262144K, used 25543K [0x00000000e0000000, 0x0000000100000000)
  region size 1024K, 2 young (2048K), 2 survivors (2048K)
 Metaspace       used 20821K, committed 21504K, reserved 393216K
  class space    used 2975K, committed 3264K, reserved 327680K
}
Event: 122.697 GC heap before
{Heap before GC invocations=6 (full 0):
 garbage-first heap   total 262144K, used 129991K [0x00000000e0000000, 0x0000000100000000)
  region size 1024K, 106 young (108544K), 2 survivors (2048K)
 Metaspace       used 34562K, committed 35968K, reserved 393216K
  class space    used 5132K, committed 5824K, reserved 327680K
}
Event: 122.735 GC heap after
{Heap after GC invocations=7 (full 0):
 garbage-first heap   total 262144K, used 31241K [0x00000000e0000000, 0x0000000100000000)
  region size 1024K, 8 young (8192K), 8 survivors (8192K)
 Metaspace       used 34562K, committed 35968K, reserved 393216K
  class space    used 5132K, committed 5824K, reserved 327680K
}
Event: 123.173 GC heap before
{Heap before GC invocations=7 (full 0):
 garbage-first heap   total 262144K, used 33289K [0x00000000e0000000, 0x0000000100000000)
  region size 1024K, 11 young (11264K), 8 survivors (8192K)
 Metaspace       used 34912K, committed 36288K, reserved 393216K
  class space    used 5158K, committed 5824K, reserved 327680K
}
Event: 123.208 GC heap after
{Heap after GC invocations=8 (full 0):
 garbage-first heap   total 262144K, used 31694K [0x00000000e0000000, 0x0000000100000000)
  region size 1024K, 8 young (8192K), 8 survivors (8192K)
 Metaspace       used 34912K, committed 36288K, reserved 393216K
  class space    used 5158K, committed 5824K, reserved 327680K
}
Event: 123.570 GC heap before
{Heap before GC invocations=8 (full 0):
 garbage-first heap   total 262144K, used 32718K [0x00000000e0000000, 0x0000000100000000)
  region size 1024K, 10 young (10240K), 8 survivors (8192K)
 Metaspace       used 35232K, committed 36608K, reserved 393216K
  class space    used 5209K, committed 5888K, reserved 327680K
}
Event: 123.596 GC heap after
{Heap after GC invocations=9 (full 0):
 garbage-first heap   total 262144K, used 32056K [0x00000000e0000000, 0x0000000100000000)
  region size 1024K, 9 young (9216K), 9 survivors (9216K)
 Metaspace       used 35232K, committed 36608K, reserved 393216K
  class space    used 5209K, committed 5888K, reserved 327680K
}

Dll operation events (20 events):
Event: 1.112 Attempting to load shared library C:\Users\Home\.vscode\extensions\redhat.java-1.56.0-win32-x64\jre\21.0.12.1-win32-x86_64\bin\nio.dll
Event: 1.112 Loaded shared library C:\Users\Home\.vscode\extensions\redhat.java-1.56.0-win32-x64\jre\21.0.12.1-win32-x86_64\bin\nio.dll
Event: 1.116 Attempting to load shared library C:\Users\Home\.vscode\extensions\redhat.java-1.56.0-win32-x64\jre\21.0.12.1-win32-x86_64\bin\zip.dll
Event: 1.116 Loaded shared library C:\Users\Home\.vscode\extensions\redhat.java-1.56.0-win32-x64\jre\21.0.12.1-win32-x86_64\bin\zip.dll
Event: 2.407 Attempting to load shared library C:\Users\Home\.vscode\extensions\redhat.java-1.56.0-win32-x64\jre\21.0.12.1-win32-x86_64\bin\jimage.dll
Event: 2.407 Loaded shared library C:\Users\Home\.vscode\extensions\redhat.java-1.56.0-win32-x64\jre\21.0.12.1-win32-x86_64\bin\jimage.dll
Event: 5.410 Attempting to load shared library C:\Users\Home\.vscode\extensions\redhat.java-1.56.0-win32-x64\jre\21.0.12.1-win32-x86_64\bin\verify.dll
Event: 5.411 Loaded shared library C:\Users\Home\.vscode\extensions\redhat.java-1.56.0-win32-x64\jre\21.0.12.1-win32-x86_64\bin\verify.dll
Event: 5.584 Attempting to load shared library C:\Users\Home\.gradle\native\660c5614fbf4a5f2a75b1949f50a0caf5cd603558e7d8a26e50b933a0cfb79d1\windows-amd64\native-platform.dll
Event: 5.587 Loaded shared library C:\Users\Home\.gradle\native\660c5614fbf4a5f2a75b1949f50a0caf5cd603558e7d8a26e50b933a0cfb79d1\windows-amd64\native-platform.dll
Event: 5.607 Attempting to load shared library C:\Users\Home\.gradle\native\0.2.8\x86_64-windows-gnu\gradle-fileevents.dll
Event: 5.608 Loaded shared library C:\Users\Home\.gradle\native\0.2.8\x86_64-windows-gnu\gradle-fileevents.dll
Event: 16.229 Attempting to load shared library C:\Users\Home\.vscode\extensions\redhat.java-1.56.0-win32-x64\jre\21.0.12.1-win32-x86_64\bin\management.dll
Event: 16.229 Loaded shared library C:\Users\Home\.vscode\extensions\redhat.java-1.56.0-win32-x64\jre\21.0.12.1-win32-x86_64\bin\management.dll
Event: 16.232 Attempting to load shared library C:\Users\Home\.vscode\extensions\redhat.java-1.56.0-win32-x64\jre\21.0.12.1-win32-x86_64\bin\management_ext.dll
Event: 16.232 Loaded shared library C:\Users\Home\.vscode\extensions\redhat.java-1.56.0-win32-x64\jre\21.0.12.1-win32-x86_64\bin\management_ext.dll
Event: 17.299 Attempting to load shared library C:\Users\Home\.vscode\extensions\redhat.java-1.56.0-win32-x64\jre\21.0.12.1-win32-x86_64\bin\extnet.dll
Event: 17.300 Loaded shared library C:\Users\Home\.vscode\extensions\redhat.java-1.56.0-win32-x64\jre\21.0.12.1-win32-x86_64\bin\extnet.dll
Event: 21.847 Attempting to load shared library C:\Users\Home\.vscode\extensions\redhat.java-1.56.0-win32-x64\jre\21.0.12.1-win32-x86_64\bin\sunmscapi.dll
Event: 21.851 Loaded shared library C:\Users\Home\.vscode\extensions\redhat.java-1.56.0-win32-x64\jre\21.0.12.1-win32-x86_64\bin\sunmscapi.dll

Deoptimization events (20 events):
Event: 155.083 Thread 0x00000130a8467040 Uncommon trap: trap_request=0xffffffc6 fr.pc=0x0000013087ded370 relative=0x0000000000000470
Event: 155.083 Thread 0x00000130a8467040 Uncommon trap: reason=bimorphic_or_optimized_type_check action=maybe_recompile pc=0x0000013087ded370 method=sun.security.util.math.intpoly.IntegerPolynomial.multByInt([JJ)V @ 26 c2
Event: 155.083 Thread 0x00000130a8467040 DEOPT PACKING pc=0x0000013087ded370 sp=0x0000002ae52f6400
Event: 155.083 Thread 0x00000130a8467040 DEOPT UNPACKING pc=0x0000013087584422 sp=0x0000002ae52f6370 mode 2
Event: 155.083 Thread 0x00000130a8467040 Uncommon trap: trap_request=0xffffffc6 fr.pc=0x0000013087debf54 relative=0x0000000000000394
Event: 155.083 Thread 0x00000130a8467040 Uncommon trap: reason=bimorphic_or_optimized_type_check action=maybe_recompile pc=0x0000013087debf54 method=sun.security.util.math.intpoly.IntegerPolynomial.multByInt([JJ)V @ 26 c2
Event: 155.083 Thread 0x00000130a8467040 DEOPT PACKING pc=0x0000013087debf54 sp=0x0000002ae52f6380
Event: 155.083 Thread 0x00000130a8467040 DEOPT UNPACKING pc=0x0000013087584422 sp=0x0000002ae52f6370 mode 2
Event: 155.797 Thread 0x00000130a8467040 Uncommon trap: trap_request=0xffffffde fr.pc=0x0000013087dc5b04 relative=0x0000000000001344
Event: 155.797 Thread 0x00000130a8467040 Uncommon trap: reason=class_check action=maybe_recompile pc=0x0000013087dc5b04 method=java.util.concurrent.ConcurrentHashMap.putVal(Ljava/lang/Object;Ljava/lang/Object;Z)Ljava/lang/Object; @ 242 c2
Event: 155.797 Thread 0x00000130a8467040 DEOPT PACKING pc=0x0000013087dc5b04 sp=0x0000002ae52f80a0
Event: 155.797 Thread 0x00000130a8467040 DEOPT UNPACKING pc=0x0000013087584422 sp=0x0000002ae52f8010 mode 2
Event: 155.849 Thread 0x00000130a8467040 Uncommon trap: trap_request=0xffffff45 fr.pc=0x0000013087bbbb1c relative=0x00000000000002dc
Event: 155.849 Thread 0x00000130a8467040 Uncommon trap: reason=unstable_if action=reinterpret pc=0x0000013087bbbb1c method=java.util.LinkedHashMap.get(Ljava/lang/Object;)Ljava/lang/Object; @ 16 c2
Event: 155.850 Thread 0x00000130a8467040 DEOPT PACKING pc=0x0000013087bbbb1c sp=0x0000002ae52f6c10
Event: 155.850 Thread 0x00000130a8467040 DEOPT UNPACKING pc=0x0000013087584422 sp=0x0000002ae52f6bb8 mode 2
Event: 156.709 Thread 0x00000130a8467040 Uncommon trap: trap_request=0xffffffde fr.pc=0x0000013087dc5b04 relative=0x0000000000001344
Event: 156.709 Thread 0x00000130a8467040 Uncommon trap: reason=class_check action=maybe_recompile pc=0x0000013087dc5b04 method=java.util.concurrent.ConcurrentHashMap.putVal(Ljava/lang/Object;Ljava/lang/Object;Z)Ljava/lang/Object; @ 242 c2
Event: 156.709 Thread 0x00000130a8467040 DEOPT PACKING pc=0x0000013087dc5b04 sp=0x0000002ae52f80a0
Event: 156.710 Thread 0x00000130a8467040 DEOPT UNPACKING pc=0x0000013087584422 sp=0x0000002ae52f8010 mode 2

Classes loaded (20 events):
Event: 155.102 Loading class com/sun/crypto/provider/GaloisCounterMode$GCMOperation done
Event: 155.102 Loading class com/sun/crypto/provider/GaloisCounterMode$EncryptOp done
Event: 155.109 Loading class sun/security/ssl/NewSessionTicket$T12NewSessionTicketMessage
Event: 155.109 Loading class sun/security/ssl/NewSessionTicket$NewSessionTicketMessage
Event: 155.110 Loading class sun/security/ssl/NewSessionTicket$NewSessionTicketMessage done
Event: 155.110 Loading class sun/security/ssl/NewSessionTicket$T12NewSessionTicketMessage done
Event: 155.110 Loading class sun/security/ssl/SSLCipher$T12GcmReadCipherGenerator$GcmReadCipher
Event: 155.110 Loading class sun/security/ssl/SSLCipher$T12GcmReadCipherGenerator$GcmReadCipher done
Event: 155.110 Loading class com/sun/crypto/provider/GaloisCounterMode$GCMDecrypt
Event: 155.110 Loading class com/sun/crypto/provider/GaloisCounterMode$GCMDecrypt done
Event: 155.111 Loading class com/sun/crypto/provider/GaloisCounterMode$DecryptOp
Event: 155.111 Loading class com/sun/crypto/provider/GaloisCounterMode$DecryptOp done
Event: 155.111 Loading class jdk/internal/event/TLSHandshakeEvent
Event: 155.111 Loading class jdk/internal/event/TLSHandshakeEvent done
Event: 155.111 Loading class javax/net/ssl/SSLEngineResult$HandshakeStatus
Event: 155.111 Loading class javax/net/ssl/SSLEngineResult$HandshakeStatus done
Event: 155.788 Loading class java/nio/charset/UnsupportedCharsetException
Event: 155.788 Loading class java/nio/charset/UnsupportedCharsetException done
Event: 155.850 Loading class sun/security/util/MemoryCache$QueueCacheEntry
Event: 155.850 Loading class sun/security/util/MemoryCache$QueueCacheEntry done

Classes unloaded (0 events):
No events

Classes redefined (0 events):
No events

Internal exceptions (20 events):
Event: 146.136 Thread 0x00000130a8467040 Exception <a 'java/lang/ClassNotFoundException'{0x00000000ebfd30f8}: org/gradle/plugin/use/internal/PluginRequestCollector$PluginDependenciesSpecImplCustomizer> (0x00000000ebfd30f8) 
thrown [s\src\hotspot\share\classfile\systemDictionary.cpp, line 313]
Event: 146.143 Thread 0x00000130a8467040 Exception <a 'java/lang/NoSuchMethodError'{0x00000000ebfe1fc0}: 'java.lang.Object java.lang.invoke.DirectMethodHandle$Holder.invokeVirtual(java.lang.Object, java.lang.Object, java.lang.Object, int)'> (0x00000000ebfe1fc0) 
thrown [s\src\hotspot\share\interpreter\linkResolver.cpp, line 773]
Event: 146.159 Thread 0x00000130a8467040 Exception <a 'java/lang/ClassNotFoundException'{0x00000000ebe2d720}: org/gradle/plugin/use/internal/PluginRequestCollector$PluginDependencySpecImplBeanInfo> (0x00000000ebe2d720) 
thrown [s\src\hotspot\share\classfile\systemDictionary.cpp, line 313]
Event: 146.160 Thread 0x00000130a8467040 Exception <a 'java/lang/ClassNotFoundException'{0x00000000ebe3f7f0}: org/gradle/plugin/use/internal/PluginRequestCollector$PluginDependencySpecImplCustomizer> (0x00000000ebe3f7f0) 
thrown [s\src\hotspot\share\classfile\systemDictionary.cpp, line 313]
Event: 146.575 Thread 0x00000130a8467040 Exception <a 'java/lang/NoSuchMethodError'{0x00000000ebb940f8}: 'java.lang.Object java.lang.invoke.DirectMethodHandle$Holder.newInvokeSpecial(java.lang.Object, java.lang.Object, java.lang.Object, java.lang.Object, int)'> (0x00000000ebb940f8) 
thrown [s\src\hotspot\share\interpreter\linkResolver.cpp, line 773]
Event: 146.576 Thread 0x00000130a8467040 Exception <a 'java/lang/NoSuchMethodError'{0x00000000ebb98af0}: 'java.lang.Object java.lang.invoke.Invokers$Holder.linkToTargetMethod(java.lang.Object, java.lang.Object, java.lang.Object, int, java.lang.Object)'> (0x00000000ebb98af0) 
thrown [s\src\hotspot\share\interpreter\linkResolver.cpp, line 773]
Event: 146.585 Thread 0x00000130a8467040 Exception <a 'java/lang/NoSuchMethodError'{0x00000000ebbc3a98}: 'java.lang.Object java.lang.invoke.DirectMethodHandle$Holder.newInvokeSpecial(java.lang.Object, java.lang.Object, java.lang.Object, java.lang.Object, java.lang.Object, java.lang.Object, java.lang.Object, java.lang.Object, java.lang.Object, java.lang.Object, java.lang.Object, java.lang.Object, java.lang.Object, java.lang.Object, java.lang.Object, java.lang.Object, java.lang.Object, java.lang.Object, java.lang.Object)'> (0x00000000ebbc3a98) 
thr
Event: 146.585 Thread 0x00000130a8467040 Exception <a 'java/lang/NoSuchMethodError'{0x00000000ebbca6e0}: 'java.lang.Object java.lang.invoke.DirectMethodHandle$Holder.invokeSpecial(java.lang.Object, java.lang.Object, java.lang.Object, java.lang.Object, java.lang.Object, java.lang.Object, java.lang.Object, java.lang.Object, java.lang.Object, java.lang.Object, java.lang.Object, java.lang.Object, java.lang.Object, java.lang.Object, java.lang.Object, java.lang.Object, java.lang.Object, java.lang.Object, java.lang.Object, java.lang.Object)'> (0x0000000
Event: 146.586 Thread 0x00000130a8467040 Exception <a 'java/lang/NoSuchMethodError'{0x00000000ebbcfef8}: 'java.lang.Object java.lang.invoke.DelegatingMethodHandle$Holder.reinvoke_L(java.lang.Object, java.lang.Object, java.lang.Object, java.lang.Object, java.lang.Object, java.lang.Object, java.lang.Object, java.lang.Object, java.lang.Object, java.lang.Object, java.lang.Object, java.lang.Object, java.lang.Object, java.lang.Object, java.lang.Object, java.lang.Object, java.lang.Object, java.lang.Object, java.lang.Object)'> (0x00000000ebbcfef8) 
throw
Event: 147.242 Thread 0x00000130a8467040 Exception <a 'java/lang/NoSuchMethodError'{0x00000000eb5235a8}: 'java.lang.Object java.lang.invoke.DelegatingMethodHandle$Holder.reinvoke_L(java.lang.Object, java.lang.Object, java.lang.Object, java.lang.Object, int, java.lang.Object, java.lang.Object, java.lang.Object, java.lang.Object, java.lang.Object, java.lang.Object, java.lang.Object, java.lang.Object)'> (0x00000000eb5235a8) 
thrown [s\src\hotspot\share\interpreter\linkResolver.cpp, line 773]
Event: 147.601 Thread 0x00000130a8467040 Exception <a 'java/lang/NoSuchMethodError'{0x00000000eb389f98}: 'java.lang.Object java.lang.invoke.DirectMethodHandle$Holder.newInvokeSpecial(java.lang.Object, java.lang.Object, java.lang.Object, int, java.lang.Object)'> (0x00000000eb389f98) 
thrown [s\src\hotspot\share\interpreter\linkResolver.cpp, line 773]
Event: 147.601 Thread 0x00000130a8467040 Exception <a 'java/lang/NoSuchMethodError'{0x00000000eb38e408}: 'java.lang.Object java.lang.invoke.Invokers$Holder.linkToTargetMethod(java.lang.Object, java.lang.Object, int, java.lang.Object, java.lang.Object)'> (0x00000000eb38e408) 
thrown [s\src\hotspot\share\interpreter\linkResolver.cpp, line 773]
Event: 147.898 Thread 0x00000130a8467040 Exception <a 'java/lang/NoSuchMethodError'{0x00000000eb1da080}: 'java.lang.Object java.lang.invoke.DirectMethodHandle$Holder.newInvokeSpecial(java.lang.Object, int, java.lang.Object)'> (0x00000000eb1da080) 
thrown [s\src\hotspot\share\interpreter\linkResolver.cpp, line 773]
Event: 147.969 Thread 0x00000130a8467040 Exception <a 'java/lang/NoSuchMethodError'{0x00000000eafceea0}: 'java.lang.Object java.lang.invoke.DirectMethodHandle$Holder.invokeSpecial(java.lang.Object, java.lang.Object, long, int)'> (0x00000000eafceea0) 
thrown [s\src\hotspot\share\interpreter\linkResolver.cpp, line 773]
Event: 148.881 Thread 0x00000130a8467040 Exception <a 'java/lang/NoSuchMethodError'{0x00000000ea83e800}: 'java.lang.Object java.lang.invoke.DirectMethodHandle$Holder.newInvokeSpecial(java.lang.Object, java.lang.Object, java.lang.Object, int)'> (0x00000000ea83e800) 
thrown [s\src\hotspot\share\interpreter\linkResolver.cpp, line 773]
Event: 148.881 Thread 0x00000130a8467040 Exception <a 'java/lang/NoSuchMethodError'{0x00000000ea8430d0}: 'java.lang.Object java.lang.invoke.Invokers$Holder.linkToTargetMethod(java.lang.Object, java.lang.Object, int, java.lang.Object)'> (0x00000000ea8430d0) 
thrown [s\src\hotspot\share\interpreter\linkResolver.cpp, line 773]
Event: 149.421 Thread 0x00000130a8467040 Exception <a 'java/lang/NoSuchMethodError'{0x00000000ea6aeab0}: 'int java.lang.invoke.DirectMethodHandle$Holder.invokeSpecialIFC(java.lang.Object, java.lang.Object, java.lang.Object)'> (0x00000000ea6aeab0) 
thrown [s\src\hotspot\share\interpreter\linkResolver.cpp, line 773]
Event: 150.233 Thread 0x00000130a8467040 Exception <a 'java/lang/NoSuchMethodError'{0x00000000e9f25210}: 'int java.lang.invoke.DirectMethodHandle$Holder.invokeInterface(java.lang.Object, java.lang.Object, java.lang.Object, java.lang.Object, java.lang.Object)'> (0x00000000e9f25210) 
thrown [s\src\hotspot\share\interpreter\linkResolver.cpp, line 773]
Event: 150.797 Thread 0x00000130a8467040 Exception <a 'sun/nio/fs/WindowsException'{0x00000000e9d591a8}> (0x00000000e9d591a8) 
thrown [s\src\hotspot\share\prims\jni.cpp, line 520]
Event: 151.309 Thread 0x00000130a8467040 Exception <a 'java/lang/NoSuchMethodError'{0x00000000e9a683c8}: 'void java.lang.invoke.DirectMethodHandle$Holder.invokeVirtual(java.lang.Object, java.lang.Object)'> (0x00000000e9a683c8) 
thrown [s\src\hotspot\share\interpreter\linkResolver.cpp, line 773]

ZGC Phase Switch (0 events):
No events

VM Operations (20 events):
Event: 150.888 Executing non-safepoint VM operation: HandshakeAllThreads (Deoptimize)
Event: 150.888 Executing non-safepoint VM operation: HandshakeAllThreads (Deoptimize) done
Event: 150.914 Executing non-safepoint VM operation: HandshakeAllThreads (Deoptimize)
Event: 150.914 Executing non-safepoint VM operation: HandshakeAllThreads (Deoptimize) done
Event: 151.252 Executing non-safepoint VM operation: HandshakeAllThreads (Deoptimize)
Event: 151.252 Executing non-safepoint VM operation: HandshakeAllThreads (Deoptimize) done
Event: 151.791 Executing non-safepoint VM operation: HandshakeAllThreads (Deoptimize)
Event: 151.791 Executing non-safepoint VM operation: HandshakeAllThreads (Deoptimize) done
Event: 151.791 Executing safepoint VM operation: Cleanup
Event: 151.792 Executing safepoint VM operation: Cleanup done
Event: 152.575 Executing non-safepoint VM operation: HandshakeAllThreads (Deoptimize)
Event: 152.575 Executing non-safepoint VM operation: HandshakeAllThreads (Deoptimize) done
Event: 153.582 Executing safepoint VM operation: Cleanup
Event: 153.582 Executing safepoint VM operation: Cleanup done
Event: 153.819 Executing non-safepoint VM operation: HandshakeAllThreads (Deoptimize)
Event: 153.819 Executing non-safepoint VM operation: HandshakeAllThreads (Deoptimize) done
Event: 154.821 Executing safepoint VM operation: Cleanup
Event: 154.869 Executing safepoint VM operation: Cleanup done
Event: 155.877 Executing safepoint VM operation: Cleanup
Event: 155.877 Executing safepoint VM operation: Cleanup done

Memory protections (0 events):
No events

Nmethod flushes (20 events):
Event: 123.924 Thread 0x00000130fb50e020 flushing  nmethod 0x0000013080359610
Event: 123.924 Thread 0x00000130fb50e020 flushing  nmethod 0x000001308035bd10
Event: 123.924 Thread 0x00000130fb50e020 flushing  nmethod 0x000001308035e210
Event: 123.924 Thread 0x00000130fb50e020 flushing  nmethod 0x000001308035f190
Event: 123.924 Thread 0x00000130fb50e020 flushing  nmethod 0x0000013080360c90
Event: 123.924 Thread 0x00000130fb50e020 flushing  nmethod 0x0000013080362510
Event: 123.924 Thread 0x00000130fb50e020 flushing  nmethod 0x0000013080365390
Event: 123.924 Thread 0x00000130fb50e020 flushing  nmethod 0x0000013080365710
Event: 123.924 Thread 0x00000130fb50e020 flushing  nmethod 0x0000013080368490
Event: 123.924 Thread 0x00000130fb50e020 flushing  nmethod 0x0000013080369f10
Event: 123.924 Thread 0x00000130fb50e020 flushing  nmethod 0x00000130803bae90
Event: 123.924 Thread 0x00000130fb50e020 flushing  nmethod 0x00000130803be710
Event: 123.924 Thread 0x00000130fb50e020 flushing  nmethod 0x00000130803d5e10
Event: 123.924 Thread 0x00000130fb50e020 flushing  nmethod 0x000001308041cb10
Event: 123.924 Thread 0x00000130fb50e020 flushing  nmethod 0x0000013080426b90
Event: 123.924 Thread 0x00000130fb50e020 flushing  nmethod 0x0000013080427590
Event: 123.924 Thread 0x00000130fb50e020 flushing  nmethod 0x0000013080427a90
Event: 123.924 Thread 0x00000130fb50e020 flushing  nmethod 0x000001308042a890
Event: 123.924 Thread 0x00000130fb50e020 flushing  nmethod 0x0000013080430690
Event: 123.924 Thread 0x00000130fb50e020 flushing  nmethod 0x0000013080431a10

Events (20 events):
Event: 24.826 Thread 0x00000130a8467040 Thread added: 0x00000130aa1217e0
Event: 24.837 Thread 0x00000130a8467040 Thread added: 0x00000130aa11f710
Event: 36.806 Thread 0x00000130a8467040 Thread added: 0x00000130aa11fda0
Event: 37.915 Thread 0x00000130a8467040 Thread added: 0x00000130aa120430
Event: 43.784 Thread 0x00000130a8467040 Thread added: 0x00000130aa120ac0
Event: 48.767 Thread 0x00000130aa120430 Thread added: 0x00000130aa121e70
Event: 66.499 Thread 0x00000130a8467040 Thread added: 0x00000130aa0ad410
Event: 66.540 Thread 0x00000130a8467040 Thread added: 0x00000130aa0aee50
Event: 89.655 Thread 0x00000130a8467040 Thread added: 0x00000130aa0acd80
Event: 90.529 Thread 0x00000130a8467040 Thread added: 0x00000130aa0ac060
Event: 93.926 Thread 0x00000130a8467040 Thread added: 0x00000130aa0ae7c0
Event: 95.918 Thread 0x00000130a8467040 Thread added: 0x00000130aa0af4e0
Event: 104.449 Thread 0x00000130a8467040 Thread added: 0x00000130aa0ae130
Event: 105.503 Thread 0x00000130a8467040 Thread added: 0x00000130aa0ac6f0
Event: 111.573 Thread 0x00000130a8467040 Thread added: 0x00000130abff9d10
Event: 114.518 Thread 0x00000130a8467040 Thread added: 0x00000130abff8ff0
Event: 132.621 Thread 0x00000130a8467040 Thread added: 0x00000130abff9680
Event: 133.404 Thread 0x00000130a8467040 Thread added: 0x00000130abffa3a0
Event: 155.028 Thread 0x00000130fb531a10 Thread added: 0x00000130a91c4990
Event: 155.578 Thread 0x00000130a91c4990 Thread exited: 0x00000130a91c4990


Dynamic libraries:
0x00007ff7328c0000 - 0x00007ff7328ce000 	C:\Users\Home\.vscode\extensions\redhat.java-1.56.0-win32-x64\jre\21.0.12.1-win32-x86_64\bin\java.exe
0x00007ffa74bd0000 - 0x00007ffa74dc8000 	C:\Windows\SYSTEM32\ntdll.dll
0x00007ffa73b70000 - 0x00007ffa73c32000 	C:\Windows\System32\KERNEL32.DLL
0x00007ffa72560000 - 0x00007ffa72856000 	C:\Windows\System32\KERNELBASE.dll
0x00007ffa6f850000 - 0x00007ffa6f8e4000 	C:\Windows\SYSTEM32\apphelp.dll
0x00007ffa72430000 - 0x00007ffa72530000 	C:\Windows\System32\ucrtbase.dll
0x00007ffa54480000 - 0x00007ffa54498000 	C:\Users\Home\.vscode\extensions\redhat.java-1.56.0-win32-x64\jre\21.0.12.1-win32-x86_64\bin\jli.dll
0x00007ffa73760000 - 0x00007ffa73901000 	C:\Windows\System32\USER32.dll
0x00007ffa72530000 - 0x00007ffa72552000 	C:\Windows\System32\win32u.dll
0x00007ffa73650000 - 0x00007ffa7367b000 	C:\Windows\System32\GDI32.dll
0x00007ffa722e0000 - 0x00007ffa723f9000 	C:\Windows\System32\gdi32full.dll
0x00007ffa72b50000 - 0x00007ffa72bed000 	C:\Windows\System32\msvcp_win.dll
0x00007ffa545b0000 - 0x00007ffa545ce000 	C:\Users\Home\.vscode\extensions\redhat.java-1.56.0-win32-x64\jre\21.0.12.1-win32-x86_64\bin\VCRUNTIME140.dll
0x00007ffa668f0000 - 0x00007ffa66b8b000 	C:\Windows\WinSxS\amd64_microsoft.windows.common-controls_6595b64144ccf1df_6.0.19041.6456_none_60b8a6cb71f64256\COMCTL32.dll
0x00007ffa741d0000 - 0x00007ffa7426e000 	C:\Windows\System32\msvcrt.dll
0x00007ffa736a0000 - 0x00007ffa736cf000 	C:\Windows\System32\IMM32.DLL
0x00007ffa6c5e0000 - 0x00007ffa6c5ec000 	C:\Users\Home\.vscode\extensions\redhat.java-1.56.0-win32-x64\jre\21.0.12.1-win32-x86_64\bin\vcruntime140_1.dll
0x00007ffa48c30000 - 0x00007ffa48cbd000 	C:\Users\Home\.vscode\extensions\redhat.java-1.56.0-win32-x64\jre\21.0.12.1-win32-x86_64\bin\msvcp140.dll
0x00007ffa2d330000 - 0x00007ffa2e0d2000 	C:\Users\Home\.vscode\extensions\redhat.java-1.56.0-win32-x64\jre\21.0.12.1-win32-x86_64\bin\server\jvm.dll
0x00007ffa73910000 - 0x00007ffa739c1000 	C:\Windows\System32\ADVAPI32.dll
0x00007ffa731a0000 - 0x00007ffa7323f000 	C:\Windows\System32\sechost.dll
0x00007ffa74050000 - 0x00007ffa74170000 	C:\Windows\System32\RPCRT4.dll
0x00007ffa72400000 - 0x00007ffa72427000 	C:\Windows\System32\bcrypt.dll
0x00007ffa736f0000 - 0x00007ffa7375b000 	C:\Windows\System32\WS2_32.dll
0x00007ffa720c0000 - 0x00007ffa7210b000 	C:\Windows\SYSTEM32\POWRPROF.dll
0x00007ffa66bb0000 - 0x00007ffa66bd7000 	C:\Windows\SYSTEM32\WINMM.dll
0x00007ffa6d130000 - 0x00007ffa6d13a000 	C:\Windows\SYSTEM32\VERSION.dll
0x00007ffa720a0000 - 0x00007ffa720b2000 	C:\Windows\SYSTEM32\UMPDC.dll
0x00007ffa700f0000 - 0x00007ffa70102000 	C:\Windows\SYSTEM32\kernel.appcore.dll
0x00007ffa6baf0000 - 0x00007ffa6bafa000 	C:\Users\Home\.vscode\extensions\redhat.java-1.56.0-win32-x64\jre\21.0.12.1-win32-x86_64\bin\jimage.dll
0x00007ffa66ce0000 - 0x00007ffa66ee1000 	C:\Windows\SYSTEM32\DBGHELP.DLL
0x00007ffa522f0000 - 0x00007ffa52324000 	C:\Windows\SYSTEM32\dbgcore.DLL
0x00007ffa72860000 - 0x00007ffa728e2000 	C:\Windows\System32\bcryptPrimitives.dll
0x00007ffa6b890000 - 0x00007ffa6b89f000 	C:\Users\Home\.vscode\extensions\redhat.java-1.56.0-win32-x64\jre\21.0.12.1-win32-x86_64\bin\instrument.dll
0x00007ffa53c60000 - 0x00007ffa53c80000 	C:\Users\Home\.vscode\extensions\redhat.java-1.56.0-win32-x64\jre\21.0.12.1-win32-x86_64\bin\java.dll
0x00007ffa74270000 - 0x00007ffa749e0000 	C:\Windows\System32\SHELL32.dll
0x00007ffa702f0000 - 0x00007ffa70a95000 	C:\Windows\SYSTEM32\windows.storage.dll
0x00007ffa73c40000 - 0x00007ffa73f94000 	C:\Windows\System32\combase.dll
0x00007ffa71bb0000 - 0x00007ffa71bdb000 	C:\Windows\SYSTEM32\Wldp.dll
0x00007ffa73450000 - 0x00007ffa7351d000 	C:\Windows\System32\OLEAUT32.dll
0x00007ffa73fa0000 - 0x00007ffa7404d000 	C:\Windows\System32\SHCORE.dll
0x00007ffa732d0000 - 0x00007ffa7332b000 	C:\Windows\System32\shlwapi.dll
0x00007ffa72190000 - 0x00007ffa721b4000 	C:\Windows\SYSTEM32\profapi.dll
0x00007ffa4d330000 - 0x00007ffa4d348000 	C:\Users\Home\.vscode\extensions\redhat.java-1.56.0-win32-x64\jre\21.0.12.1-win32-x86_64\bin\zip.dll
0x00007ffa6b990000 - 0x00007ffa6b9a0000 	C:\Users\Home\.vscode\extensions\redhat.java-1.56.0-win32-x64\jre\21.0.12.1-win32-x86_64\bin\net.dll
0x00007ffa6d250000 - 0x00007ffa6d35a000 	C:\Windows\SYSTEM32\WINHTTP.dll
0x00007ffa71910000 - 0x00007ffa7197a000 	C:\Windows\system32\mswsock.dll
0x00007ffa4d310000 - 0x00007ffa4d326000 	C:\Users\Home\.vscode\extensions\redhat.java-1.56.0-win32-x64\jre\21.0.12.1-win32-x86_64\bin\nio.dll
0x00007ffa63a70000 - 0x00007ffa63a80000 	C:\Users\Home\.vscode\extensions\redhat.java-1.56.0-win32-x64\jre\21.0.12.1-win32-x86_64\bin\verify.dll
0x00007ffa54e60000 - 0x00007ffa54e87000 	C:\Users\Home\.gradle\native\660c5614fbf4a5f2a75b1949f50a0caf5cd603558e7d8a26e50b933a0cfb79d1\windows-amd64\native-platform.dll
0x00007ffa443f0000 - 0x00007ffa44467000 	C:\Users\Home\.gradle\native\0.2.8\x86_64-windows-gnu\gradle-fileevents.dll
0x00007ffa6f630000 - 0x00007ffa6f63a000 	C:\Users\Home\.vscode\extensions\redhat.java-1.56.0-win32-x64\jre\21.0.12.1-win32-x86_64\bin\management.dll
0x00007ffa66f90000 - 0x00007ffa66f9c000 	C:\Users\Home\.vscode\extensions\redhat.java-1.56.0-win32-x64\jre\21.0.12.1-win32-x86_64\bin\management_ext.dll
0x00007ffa73680000 - 0x00007ffa73688000 	C:\Windows\System32\PSAPI.DLL
0x00007ffa715f0000 - 0x00007ffa7162b000 	C:\Windows\SYSTEM32\IPHLPAPI.DLL
0x00007ffa73690000 - 0x00007ffa73698000 	C:\Windows\System32\NSI.dll
0x00007ffa61cf0000 - 0x00007ffa61cf9000 	C:\Users\Home\.vscode\extensions\redhat.java-1.56.0-win32-x64\jre\21.0.12.1-win32-x86_64\bin\extnet.dll
0x00007ffa71b00000 - 0x00007ffa71b18000 	C:\Windows\SYSTEM32\CRYPTSP.dll
0x00007ffa71230000 - 0x00007ffa71268000 	C:\Windows\system32\rsaenh.dll
0x00007ffa72110000 - 0x00007ffa7213e000 	C:\Windows\SYSTEM32\USERENV.dll
0x00007ffa71b20000 - 0x00007ffa71b2c000 	C:\Windows\SYSTEM32\CRYPTBASE.dll
0x00007ffa61c20000 - 0x00007ffa61c2e000 	C:\Users\Home\.vscode\extensions\redhat.java-1.56.0-win32-x64\jre\21.0.12.1-win32-x86_64\bin\sunmscapi.dll
0x00007ffa728f0000 - 0x00007ffa72a4d000 	C:\Windows\System32\CRYPT32.dll
0x00007ffa71c20000 - 0x00007ffa71c47000 	C:\Windows\SYSTEM32\ncrypt.dll
0x00007ffa71be0000 - 0x00007ffa71c1b000 	C:\Windows\SYSTEM32\NTASN1.dll
0x00007ffa57720000 - 0x00007ffa57727000 	C:\Windows\system32\wshunix.dll
0x00007ffa71630000 - 0x00007ffa716fa000 	C:\Windows\SYSTEM32\DNSAPI.dll
0x00007ffa6a810000 - 0x00007ffa6a81a000 	C:\Windows\System32\rasadhlp.dll
0x00007ffa6acc0000 - 0x00007ffa6ad40000 	C:\Windows\System32\fwpuclnt.dll

JVMTI agents:
C:\Users\Home\.gradle\wrapper\dists\gradle-9.7.1-bin\1w1c7tv4s851m17nbqdsro2tv\gradle-9.7.1\lib\agents\gradle-instrumentation-agent-9.7.1.jar path:C:\Users\Home\.vscode\extensions\redhat.java-1.56.0-win32-x64\jre\21.0.12.1-win32-x86_64\bin\instrument.dll, loaded, initialized, instrumentlib options:none

dbghelp: loaded successfully - version: 4.0.5 - missing functions: none
symbol engine: initialized successfully - sym options: 0x614 - pdb path: .;C:\Users\Home\.vscode\extensions\redhat.java-1.56.0-win32-x64\jre\21.0.12.1-win32-x86_64\bin;C:\Windows\SYSTEM32;C:\Windows\WinSxS\amd64_microsoft.windows.common-controls_6595b64144ccf1df_6.0.19041.6456_none_60b8a6cb71f64256;C:\Users\Home\.vscode\extensions\redhat.java-1.56.0-win32-x64\jre\21.0.12.1-win32-x86_64\bin\server;C:\Users\Home\.gradle\native\660c5614fbf4a5f2a75b1949f50a0caf5cd603558e7d8a26e50b933a0cfb79d1\windows-amd64;C:\Users\Home\.gradle\native\0.2.8\x86_64-windows-gnu

VM Arguments:
jvm_args: --add-opens=java.base/java.lang=ALL-UNNAMED --add-opens=java.base/java.lang.invoke=ALL-UNNAMED --add-opens=java.base/java.util=ALL-UNNAMED --add-opens=java.prefs/java.util.prefs=ALL-UNNAMED --add-exports=jdk.compiler/com.sun.tools.javac.api=ALL-UNNAMED --add-exports=jdk.compiler/com.sun.tools.javac.util=ALL-UNNAMED --add-opens=java.base/java.nio.charset=ALL-UNNAMED --add-opens=java.base/java.net=ALL-UNNAMED --add-opens=java.base/java.util.concurrent=ALL-UNNAMED --add-opens=java.base/java.util.concurrent.atomic=ALL-UNNAMED --add-opens=java.xml/javax.xml.namespace=ALL-UNNAMED --add-opens=java.base/java.time=ALL-UNNAMED -XX:MaxMetaspaceSize=384m -XX:+HeapDumpOnOutOfMemoryError -Xms256m -Xmx512m -Dfile.encoding=UTF-8 -Duser.country=CO -Duser.language=es -Duser.variant -javaagent:C:\Users\Home\.gradle\wrapper\dists\gradle-9.7.1-bin\1w1c7tv4s851m17nbqdsro2tv\gradle-9.7.1\lib\agents\gradle-instrumentation-agent-9.7.1.jar 
java_command: org.gradle.launcher.daemon.bootstrap.GradleDaemon 9.7.1
java_class_path (initial): C:\Users\Home\.gradle\wrapper\dists\gradle-9.7.1-bin\1w1c7tv4s851m17nbqdsro2tv\gradle-9.7.1\lib\gradle-daemon-main-9.7.1.jar
Launcher Type: SUN_STANDARD

[Global flags]
     intx CICompilerCount                          = 3                                         {product} {ergonomic}
   size_t CompressedClassSpaceSize                 = 335544320                                 {product} {ergonomic}
     uint ConcGCThreads                            = 1                                         {product} {ergonomic}
     uint G1ConcRefinementThreads                  = 4                                         {product} {ergonomic}
   size_t G1HeapRegionSize                         = 1048576                                   {product} {ergonomic}
    uintx GCDrainStackTargetSize                   = 64                                        {product} {ergonomic}
     bool HeapDumpOnOutOfMemoryError               = true                                   {manageable} {command line}
   size_t InitialHeapSize                          = 268435456                                 {product} {command line}
   size_t MarkStackSize                            = 4194304                                   {product} {ergonomic}
   size_t MaxHeapSize                              = 536870912                                 {product} {command line}
   size_t MaxMetaspaceSize                         = 402653184                                 {product} {command line}
   size_t MaxNewSize                               = 321912832                                 {product} {ergonomic}
   size_t MinHeapDeltaBytes                        = 1048576                                   {product} {ergonomic}
   size_t MinHeapSize                              = 268435456                                 {product} {command line}
    uintx NonNMethodCodeHeapSize                   = 5832780                                {pd product} {ergonomic}
    uintx NonProfiledCodeHeapSize                  = 122912730                              {pd product} {ergonomic}
    uintx ProfiledCodeHeapSize                     = 122912730                              {pd product} {ergonomic}
    uintx ReservedCodeCacheSize                    = 251658240                              {pd product} {ergonomic}
     bool SegmentedCodeCache                       = true                                      {product} {ergonomic}
   size_t SoftMaxHeapSize                          = 536870912                              {manageable} {ergonomic}
     bool UseCompressedOops                        = true                           {product lp64_product} {ergonomic}
     bool UseG1GC                                  = true                                      {product} {ergonomic}
     bool UseLargePagesIndividualAllocation        = false                                  {pd product} {ergonomic}

Logging:
Log output configuration:
 #0: stdout all=warning uptime,level,tags foldmultilines=false
 #1: stderr all=off uptime,level,tags foldmultilines=false

Release file:
JAVA_VERSION="21.0.12.1" 
MODULES="java.base java.compiler java.datatransfer java.xml java.prefs java.desktop java.instrument java.logging java.management java.security.sasl java.naming java.rmi java.management.rmi java.net.http java.scripting java.security.jgss java.transaction.xa java.sql java.sql.rowset java.xml.crypto java.se java.smartcardio jdk.accessibility jdk.internal.jvmstat jdk.attach jdk.charsets jdk.internal.opt jdk.zipfs jdk.compiler jdk.crypto.ec jdk.crypto.cryptoki jdk.crypto.mscapi jdk.dynalink jdk.internal.ed jdk.editpad jdk.hotspot.agent jdk.httpserver jdk.internal.le jdk.internal.vm.ci jdk.internal.vm.compiler jdk.internal.vm.compiler.management jdk.jartool jdk.javadoc jdk.jcmd jdk.management jdk.management.agent jdk.jconsole jdk.jdeps jdk.jdwp.agent jdk.jdi jdk.jfr jdk.jshell jdk.jsobject jdk.jstatd jdk.localedata jdk.management.jfr jdk.naming.dns jdk.naming.rmi jdk.net jdk.nio.mapmode jdk.random jdk.sctp jdk.security.auth jdk.security.jgss jdk.unsupported jdk.unsupported.desktop jdk.xml.dom" 

Environment Variables:
PATH=C:\Program Files\Common Files\Oracle\Java\javapath;C:\Program Files (x86)\Common Files\Oracle\Java\java8path;C:\Program Files (x86)\Common Files\Oracle\Java\javapath;C:\Windows\system32;C:\Windows;C:\Windows\System32\Wbem;C:\Windows\System32\WindowsPowerShell\v1.0\;C:\Windows\System32\OpenSSH\;C:\Program Files\Git\cmd;C:\Users\Home\AppData\Local\Microsoft\WindowsApps;C:\Users\Home\AppData\Local\Programs\Microsoft VS Code\bin;C:\Users\Home\Documents\Manuel\estructuras\flutter\flutter\bin;C:\Users\Home\AppData\Local\Pub\Cache\bin;C:\Users\Home\AppData\Local\GitHubDesktop\bin
USERNAME=Home
OS=Windows_NT
PROCESSOR_IDENTIFIER=Intel64 Family 6 Model 158 Stepping 9, GenuineIntel
TMP=C:\Users\Home\AppData\Local\Temp
TEMP=C:\Users\Home\AppData\Local\Temp




Periodic native trim disabled

---------------  S Y S T E M  ---------------

OS:
 Windows 10 , 64 bit Build 19041 (10.0.19041.5915)
OS uptime: 0 days 0:31 hours

CPU: total 4 (initial active 4) (4 cores per cpu, 1 threads per core) family 6 model 158 stepping 9 microcode 0xb4, cx8, cmov, fxsr, mmx, 3dnowpref, sse, sse2, sse3, ssse3, sse4.1, sse4.2, popcnt, lzcnt, tsc, tscinvbit, avx, avx2, aes, erms, clmul, bmi1, bmi2, adx, fma, vzeroupper, clflush, clflushopt, rdtscp, f16c
Processor Information for the first 4 processors :
  Max Mhz: 3001, Current Mhz: 3001, Mhz Limit: 3001

Memory: 4k page, system-wide physical 8078M (191M free)
TotalPageFile size 32654M (AvailPageFile size 1M)
current process WorkingSet (physical memory assigned to process): 246M, peak: 246M
current process commit charge ("private bytes"): 461M, peak: 464M

vm_info: OpenJDK 64-Bit Server VM (21.0.12.1+1-LTS) for windows-amd64 JRE (21.0.12.1+1-LTS), built on 2026-08-18T00:00:00Z by "admin" with MS VC++ 17.12 (VS2022)

END.
